Archive member included to satisfy reference by file (symbol)

c:/gcc/gcc-arm-none-eabi-10.3-2021.10/bin/../lib/gcc/arm-none-eabi/10.3.1/thumb/v7e-m+fp/hard\libgcc.a(_aeabi_uldivmod.o)
                              CMakeFiles/BLDCF407.elf.dir/Drivers/STM32F4xx_HAL_Driver/Src/stm32f4xx_hal_rcc.c.obj (__aeabi_uldivmod)
c:/gcc/gcc-arm-none-eabi-10.3-2021.10/bin/../lib/gcc/arm-none-eabi/10.3.1/thumb/v7e-m+fp/hard\libgcc.a(_udivmoddi4.o)
                              c:/gcc/gcc-arm-none-eabi-10.3-2021.10/bin/../lib/gcc/arm-none-eabi/10.3.1/thumb/v7e-m+fp/hard\libgcc.a(_aeabi_uldivmod.o) (__udivmoddi4)
c:/gcc/gcc-arm-none-eabi-10.3-2021.10/bin/../lib/gcc/arm-none-eabi/10.3.1/thumb/v7e-m+fp/hard\libgcc.a(_dvmd_tls.o)
                              c:/gcc/gcc-arm-none-eabi-10.3-2021.10/bin/../lib/gcc/arm-none-eabi/10.3.1/thumb/v7e-m+fp/hard\libgcc.a(_aeabi_uldivmod.o) (__aeabi_ldiv0)
c:/gcc/gcc-arm-none-eabi-10.3-2021.10/bin/../lib/gcc/arm-none-eabi/10.3.1/../../../../arm-none-eabi/lib/thumb/v7e-m+fp/hard\libg.a(lib_a-errno.o)
                              CMakeFiles/BLDCF407.elf.dir/Core/Src/syscalls.c.obj (__errno)
c:/gcc/gcc-arm-none-eabi-10.3-2021.10/bin/../lib/gcc/arm-none-eabi/10.3.1/../../../../arm-none-eabi/lib/thumb/v7e-m+fp/hard\libg.a(lib_a-exit.o)
                              c:/gcc/gcc-arm-none-eabi-10.3-2021.10/bin/../lib/gcc/arm-none-eabi/10.3.1/../../../../arm-none-eabi/lib/thumb/v7e-m+fp/hard/crt0.o (exit)
c:/gcc/gcc-arm-none-eabi-10.3-2021.10/bin/../lib/gcc/arm-none-eabi/10.3.1/../../../../arm-none-eabi/lib/thumb/v7e-m+fp/hard\libg.a(lib_a-impure.o)
                              c:/gcc/gcc-arm-none-eabi-10.3-2021.10/bin/../lib/gcc/arm-none-eabi/10.3.1/../../../../arm-none-eabi/lib/thumb/v7e-m+fp/hard\libg.a(lib_a-exit.o) (_global_impure_ptr)
c:/gcc/gcc-arm-none-eabi-10.3-2021.10/bin/../lib/gcc/arm-none-eabi/10.3.1/../../../../arm-none-eabi/lib/thumb/v7e-m+fp/hard\libg.a(lib_a-init.o)
                              c:/gcc/gcc-arm-none-eabi-10.3-2021.10/bin/../lib/gcc/arm-none-eabi/10.3.1/../../../../arm-none-eabi/lib/thumb/v7e-m+fp/hard/crt0.o (__libc_init_array)
c:/gcc/gcc-arm-none-eabi-10.3-2021.10/bin/../lib/gcc/arm-none-eabi/10.3.1/../../../../arm-none-eabi/lib/thumb/v7e-m+fp/hard\libg.a(lib_a-memcpy.o)
                              CMakeFiles/BLDCF407.elf.dir/Middlewares/Third_Party/FreeRTOS/Source/queue.c.obj (memcpy)
c:/gcc/gcc-arm-none-eabi-10.3-2021.10/bin/../lib/gcc/arm-none-eabi/10.3.1/../../../../arm-none-eabi/lib/thumb/v7e-m+fp/hard\libg.a(lib_a-memset.o)
                              c:/gcc/gcc-arm-none-eabi-10.3-2021.10/bin/../lib/gcc/arm-none-eabi/10.3.1/../../../../arm-none-eabi/lib/thumb/v7e-m+fp/hard/crt0.o (memset)
c:/gcc/gcc-arm-none-eabi-10.3-2021.10/bin/../lib/gcc/arm-none-eabi/10.3.1/../../../../arm-none-eabi/lib/thumb/v7e-m+fp/hard\libg.a(lib_a-__call_atexit.o)
                              c:/gcc/gcc-arm-none-eabi-10.3-2021.10/bin/../lib/gcc/arm-none-eabi/10.3.1/../../../../arm-none-eabi/lib/thumb/v7e-m+fp/hard\libg.a(lib_a-exit.o) (__call_exitprocs)
c:/gcc/gcc-arm-none-eabi-10.3-2021.10/bin/../lib/gcc/arm-none-eabi/10.3.1/../../../../arm-none-eabi/lib/thumb/v7e-m+fp/hard\libg.a(lib_a-atexit.o)
                              c:/gcc/gcc-arm-none-eabi-10.3-2021.10/bin/../lib/gcc/arm-none-eabi/10.3.1/../../../../arm-none-eabi/lib/thumb/v7e-m+fp/hard\libg.a(lib_a-__call_atexit.o) (atexit)
c:/gcc/gcc-arm-none-eabi-10.3-2021.10/bin/../lib/gcc/arm-none-eabi/10.3.1/../../../../arm-none-eabi/lib/thumb/v7e-m+fp/hard\libg.a(lib_a-fini.o)
                              c:/gcc/gcc-arm-none-eabi-10.3-2021.10/bin/../lib/gcc/arm-none-eabi/10.3.1/../../../../arm-none-eabi/lib/thumb/v7e-m+fp/hard\libg.a(lib_a-__call_atexit.o) (__libc_fini_array)
c:/gcc/gcc-arm-none-eabi-10.3-2021.10/bin/../lib/gcc/arm-none-eabi/10.3.1/../../../../arm-none-eabi/lib/thumb/v7e-m+fp/hard\libg.a(lib_a-lock.o)
                              c:/gcc/gcc-arm-none-eabi-10.3-2021.10/bin/../lib/gcc/arm-none-eabi/10.3.1/../../../../arm-none-eabi/lib/thumb/v7e-m+fp/hard\libg.a(lib_a-__call_atexit.o) (__retarget_lock_acquire_recursive)
c:/gcc/gcc-arm-none-eabi-10.3-2021.10/bin/../lib/gcc/arm-none-eabi/10.3.1/../../../../arm-none-eabi/lib/thumb/v7e-m+fp/hard\libg.a(lib_a-__atexit.o)
                              c:/gcc/gcc-arm-none-eabi-10.3-2021.10/bin/../lib/gcc/arm-none-eabi/10.3.1/../../../../arm-none-eabi/lib/thumb/v7e-m+fp/hard\libg.a(lib_a-atexit.o) (__register_exitproc)

Discarded input sections

 .text          0x00000000        0x0 c:/gcc/gcc-arm-none-eabi-10.3-2021.10/bin/../lib/gcc/arm-none-eabi/10.3.1/thumb/v7e-m+fp/hard/crti.o
 .data          0x00000000        0x0 c:/gcc/gcc-arm-none-eabi-10.3-2021.10/bin/../lib/gcc/arm-none-eabi/10.3.1/thumb/v7e-m+fp/hard/crti.o
 .bss           0x00000000        0x0 c:/gcc/gcc-arm-none-eabi-10.3-2021.10/bin/../lib/gcc/arm-none-eabi/10.3.1/thumb/v7e-m+fp/hard/crti.o
[...]
Memory Configuration

Name             Origin             Length             Attributes
CCMRAM           0x10000000         0x00010000         xrw
RAM              0x20000000         0x00020000         xrw
FLASH            0x08000000         0x00100000         xr
*default*        0x00000000         0xffffffff

Linker script and memory map

LOAD c:/gcc/gcc-arm-none-eabi-10.3-2021.10/bin/../lib/gcc/arm-none-eabi/10.3.1/thumb/v7e-m+fp/hard/crti.o
LOAD c:/gcc/gcc-arm-none-eabi-10.3-2021.10/bin/../lib/gcc/arm-none-eabi/10.3.1/thumb/v7e-m+fp/hard/crtbegin.o
LOAD c:/gcc/gcc-arm-none-eabi-10.3-2021.10/bin/../lib/gcc/arm-none-eabi/10.3.1/../../../../arm-none-eabi/lib/thumb/v7e-m+fp/hard/crt0.o
LOAD CMakeFiles/BLDCF407.elf.dir/Core/Src/adc.c.obj
LOAD CMakeFiles/BLDCF407.elf.dir/Core/Src/bsp_DRV8303.c.obj
LOAD CMakeFiles/BLDCF407.elf.dir/Core/Src/bsp_basic_tim.c.obj
LOAD CMakeFiles/BLDCF407.elf.dir/Core/Src/bsp_key.c.obj
LOAD CMakeFiles/BLDCF407.elf.dir/Core/Src/bsp_led.c.obj
LOAD CMakeFiles/BLDCF407.elf.dir/Core/Src/bsp_motor_control.c.obj
LOAD CMakeFiles/BLDCF407.elf.dir/Core/Src/bsp_motor_tim.c.obj
LOAD CMakeFiles/BLDCF407.elf.dir/Core/Src/bsp_spwm.c.obj
LOAD CMakeFiles/BLDCF407.elf.dir/Core/Src/bsp_usart.c.obj
LOAD CMakeFiles/BLDCF407.elf.dir/Core/Src/freertos.c.obj
LOAD CMakeFiles/BLDCF407.elf.dir/Core/Src/gpio.c.obj
LOAD CMakeFiles/BLDCF407.elf.dir/Core/Src/main.c.obj
LOAD CMakeFiles/BLDCF407.elf.dir/Core/Src/spi.c.obj
LOAD CMakeFiles/BLDCF407.elf.dir/Core/Src/stm32f4xx_hal_msp.c.obj
LOAD CMakeFiles/BLDCF407.elf.dir/Core/Src/stm32f4xx_it.c.obj
LOAD CMakeFiles/BLDCF407.elf.dir/Core/Src/syscalls.c.obj
LOAD CMakeFiles/BLDCF407.elf.dir/Core/Src/sysmem.c.obj
LOAD CMakeFiles/BLDCF407.elf.dir/Core/Src/system_stm32f4xx.c.obj
LOAD CMakeFiles/BLDCF407.elf.dir/Core/Startup/startup_stm32f407igtx.s.obj
LOAD CMakeFiles/BLDCF407.elf.dir/Drivers/STM32F4xx_HAL_Driver/Src/stm32f4xx_hal.c.obj
LOAD CMakeFiles/BLDCF407.elf.dir/Drivers/STM32F4xx_HAL_Driver/Src/stm32f4xx_hal_adc.c.obj
LOAD CMakeFiles/BLDCF407.elf.dir/Drivers/STM32F4xx_HAL_Driver/Src/stm32f4xx_hal_adc_ex.c.obj
LOAD CMakeFiles/BLDCF407.elf.dir/Drivers/STM32F4xx_HAL_Driver/Src/stm32f4xx_hal_cortex.c.obj
LOAD CMakeFiles/BLDCF407.elf.dir/Drivers/STM32F4xx_HAL_Driver/Src/stm32f4xx_hal_dma.c.obj
LOAD CMakeFiles/BLDCF407.elf.dir/Drivers/STM32F4xx_HAL_Driver/Src/stm32f4xx_hal_dma_ex.c.obj
LOAD CMakeFiles/BLDCF407.elf.dir/Drivers/STM32F4xx_HAL_Driver/Src/stm32f4xx_hal_exti.c.obj
LOAD CMakeFiles/BLDCF407.elf.dir/Drivers/STM32F4xx_HAL_Driver/Src/stm32f4xx_hal_flash.c.obj
LOAD CMakeFiles/BLDCF407.elf.dir/Drivers/STM32F4xx_HAL_Driver/Src/stm32f4xx_hal_flash_ex.c.obj
LOAD CMakeFiles/BLDCF407.elf.dir/Drivers/STM32F4xx_HAL_Driver/Src/stm32f4xx_hal_flash_ramfunc.c.obj
LOAD CMakeFiles/BLDCF407.elf.dir/Drivers/STM32F4xx_HAL_Driver/Src/stm32f4xx_hal_gpio.c.obj
LOAD CMakeFiles/BLDCF407.elf.dir/Drivers/STM32F4xx_HAL_Driver/Src/stm32f4xx_hal_pwr.c.obj
LOAD CMakeFiles/BLDCF407.elf.dir/Drivers/STM32F4xx_HAL_Driver/Src/stm32f4xx_hal_pwr_ex.c.obj
LOAD CMakeFiles/BLDCF407.elf.dir/Drivers/STM32F4xx_HAL_Driver/Src/stm32f4xx_hal_rcc.c.obj
LOAD CMakeFiles/BLDCF407.elf.dir/Drivers/STM32F4xx_HAL_Driver/Src/stm32f4xx_hal_rcc_ex.c.obj
LOAD CMakeFiles/BLDCF407.elf.dir/Drivers/STM32F4xx_HAL_Driver/Src/stm32f4xx_hal_spi.c.obj
LOAD CMakeFiles/BLDCF407.elf.dir/Drivers/STM32F4xx_HAL_Driver/Src/stm32f4xx_hal_tim.c.obj
LOAD CMakeFiles/BLDCF407.elf.dir/Drivers/STM32F4xx_HAL_Driver/Src/stm32f4xx_hal_tim_ex.c.obj
LOAD CMakeFiles/BLDCF407.elf.dir/Drivers/STM32F4xx_HAL_Driver/Src/stm32f4xx_hal_uart.c.obj
LOAD CMakeFiles/BLDCF407.elf.dir/Drivers/STM32F4xx_HAL_Driver/Src/stm32f4xx_hal_usart.c.obj
LOAD CMakeFiles/BLDCF407.elf.dir/Drivers/STM32F4xx_HAL_Driver/Src/stm32f4xx_ll_adc.c.obj
LOAD CMakeFiles/BLDCF407.elf.dir/Drivers/STM32F4xx_HAL_Driver/Src/stm32f4xx_ll_usart.c.obj
LOAD CMakeFiles/BLDCF407.elf.dir/Middlewares/Third_Party/FreeRTOS/Source/CMSIS_RTOS/cmsis_os.c.obj
LOAD CMakeFiles/BLDCF407.elf.dir/Middlewares/Third_Party/FreeRTOS/Source/croutine.c.obj
LOAD CMakeFiles/BLDCF407.elf.dir/Middlewares/Third_Party/FreeRTOS/Source/event_groups.c.obj
LOAD CMakeFiles/BLDCF407.elf.dir/Middlewares/Third_Party/FreeRTOS/Source/list.c.obj
LOAD CMakeFiles/BLDCF407.elf.dir/Middlewares/Third_Party/FreeRTOS/Source/portable/GCC/ARM_CM4F/port.c.obj
LOAD CMakeFiles/BLDCF407.elf.dir/Middlewares/Third_Party/FreeRTOS/Source/portable/MemMang/heap_4.c.obj
LOAD CMakeFiles/BLDCF407.elf.dir/Middlewares/Third_Party/FreeRTOS/Source/queue.c.obj
LOAD CMakeFiles/BLDCF407.elf.dir/Middlewares/Third_Party/FreeRTOS/Source/stream_buffer.c.obj
LOAD CMakeFiles/BLDCF407.elf.dir/Middlewares/Third_Party/FreeRTOS/Source/tasks.c.obj
LOAD CMakeFiles/BLDCF407.elf.dir/Middlewares/Third_Party/FreeRTOS/Source/timers.c.obj
START GROUP
LOAD c:/gcc/gcc-arm-none-eabi-10.3-2021.10/bin/../lib/gcc/arm-none-eabi/10.3.1/thumb/v7e-m+fp/hard\libgcc.a
LOAD c:/gcc/gcc-arm-none-eabi-10.3-2021.10/bin/../lib/gcc/arm-none-eabi/10.3.1/../../../../arm-none-eabi/lib/thumb/v7e-m+fp/hard\libg.a
LOAD c:/gcc/gcc-arm-none-eabi-10.3-2021.10/bin/../lib/gcc/arm-none-eabi/10.3.1/../../../../arm-none-eabi/lib/thumb/v7e-m+fp/hard\libc.a
END GROUP
LOAD c:/gcc/gcc-arm-none-eabi-10.3-2021.10/bin/../lib/gcc/arm-none-eabi/10.3.1/thumb/v7e-m+fp/hard/crtend.o
LOAD c:/gcc/gcc-arm-none-eabi-10.3-2021.10/bin/../lib/gcc/arm-none-eabi/10.3.1/thumb/v7e-m+fp/hard/crtn.o
                0x20020000                _estack = (ORIGIN (RAM) + LENGTH (RAM))
                0x00000200                _Min_Heap_Size = 0x200
                0x00000400                _Min_Stack_Size = 0x400

.isr_vector     0x08000000      0x188
                0x08000000                . = ALIGN (0x4)
 *(.isr_vector)
 .isr_vector    0x08000000      0x188 CMakeFiles/BLDCF407.elf.dir/Core/Startup/startup_stm32f407igtx.s.obj
                0x08000000                g_pfnVectors
                0x08000188                . = ALIGN (0x4)

.text           0x08000190     0x4b98
                0x08000190                . = ALIGN (0x4)
 *(.text)
 .text          0x08000190       0x40 c:/gcc/gcc-arm-none-eabi-10.3-2021.10/bin/../lib/gcc/arm-none-eabi/10.3.1/thumb/v7e-m+fp/hard/crtbegin.o
 .text          0x080001d0       0x30 c:/gcc/gcc-arm-none-eabi-10.3-2021.10/bin/../lib/gcc/arm-none-eabi/10.3.1/thumb/v7e-m+fp/hard\libgcc.a(_aeabi_uldivmod.o)
                0x080001d0                __aeabi_uldivmod
 .text          0x08000200      0x2d0 c:/gcc/gcc-arm-none-eabi-10.3-2021.10/bin/../lib/gcc/arm-none-eabi/10.3.1/thumb/v7e-m+fp/hard\libgcc.a(_udivmoddi4.o)
                0x08000200                __udivmoddi4
 .text          0x080004d0        0x4 c:/gcc/gcc-arm-none-eabi-10.3-2021.10/bin/../lib/gcc/arm-none-eabi/10.3.1/thumb/v7e-m+fp/hard\libgcc.a(_dvmd_tls.o)
                0x080004d0                __aeabi_idiv0
                0x080004d0                __aeabi_ldiv0
 *(.text*)
 .text.DRV8303_EN_GATE_GPIO_Init
                0x080004d4       0x68 CMakeFiles/BLDCF407.elf.dir/Core/Src/bsp_DRV8303.c.obj
                0x080004d4                DRV8303_EN_GATE_GPIO_Init
 .text.DRV8303_EN_GATE1_HIGH
                0x0800053c       0x14 CMakeFiles/BLDCF407.elf.dir/Core/Src/bsp_DRV8303.c.obj
                0x0800053c                DRV8303_EN_GATE1_HIGH
 .text.DRV8303_EN_GATE2_HIGH
                0x08000550       0x14 CMakeFiles/BLDCF407.elf.dir/Core/Src/bsp_DRV8303.c.obj
                0x08000550                DRV8303_EN_GATE2_HIGH
 .text.DRV8303_WriteWord
                0x08000564       0x58 CMakeFiles/BLDCF407.elf.dir/Core/Src/bsp_DRV8303.c.obj
                0x08000564                DRV8303_WriteWord
 .text.DRV8303_Init
                0x080005bc       0x44 CMakeFiles/BLDCF407.elf.dir/Core/Src/bsp_DRV8303.c.obj
                0x080005bc                DRV8303_Init
 .text.TIMx_NVIC_Configuration
                0x08000600       0x14 CMakeFiles/BLDCF407.elf.dir/Core/Src/bsp_basic_tim.c.obj
 .text.TIM_Mode_Config
                0x08000614       0x50 CMakeFiles/BLDCF407.elf.dir/Core/Src/bsp_basic_tim.c.obj
 .text.Basic_TIMx_Configuration
                0x08000664        0xc CMakeFiles/BLDCF407.elf.dir/Core/Src/bsp_basic_tim.c.obj
                0x08000664                Basic_TIMx_Configuration
 .text.Key_GPIO_Config
                0x08000670       0xc8 CMakeFiles/BLDCF407.elf.dir/Core/Src/bsp_key.c.obj
                0x08000670                Key_GPIO_Config
 .text.Key_Scan
                0x08000738       0x22 CMakeFiles/BLDCF407.elf.dir/Core/Src/bsp_key.c.obj
                0x08000738                Key_Scan
 *fill*         0x0800075a        0x2 
 .text.LED_GPIO_Config
                0x0800075c       0xc0 CMakeFiles/BLDCF407.elf.dir/Core/Src/bsp_led.c.obj
                0x0800075c                LED_GPIO_Config
 .text.set_bldcm_enable
                0x0800081c       0x44 CMakeFiles/BLDCF407.elf.dir/Core/Src/bsp_motor_control.c.obj
                0x0800081c                set_bldcm_enable
 .text.set_bldcm_disable
                0x08000860       0x44 CMakeFiles/BLDCF407.elf.dir/Core/Src/bsp_motor_control.c.obj
                0x08000860                set_bldcm_disable
 .text.set_bldcm_speed
                0x080008a4        0xa CMakeFiles/BLDCF407.elf.dir/Core/Src/bsp_motor_control.c.obj
                0x080008a4                set_bldcm_speed
 *fill*         0x080008ae        0x2 
 .text.update_speed_dir
                0x080008b0       0xa0 CMakeFiles/BLDCF407.elf.dir/Core/Src/bsp_motor_tim.c.obj
 .text.update_motor_speed
                0x08000950       0xfc CMakeFiles/BLDCF407.elf.dir/Core/Src/bsp_motor_tim.c.obj
 .text.hall_motor_gpio_init
                0x08000a4c       0x84 CMakeFiles/BLDCF407.elf.dir/Core/Src/bsp_motor_tim.c.obj
 .text.hall_motor_tim_init
                0x08000ad0       0x60 CMakeFiles/BLDCF407.elf.dir/Core/Src/bsp_motor_tim.c.obj
 .text.TIM1_GPIO_Config
                0x08000b30      0x10c CMakeFiles/BLDCF407.elf.dir/Core/Src/bsp_motor_tim.c.obj
 .text.TIM1_Mode_Config
                0x08000c3c       0xf4 CMakeFiles/BLDCF407.elf.dir/Core/Src/bsp_motor_tim.c.obj
 .text.hall_motor_tim_config
                0x08000d30        0xc CMakeFiles/BLDCF407.elf.dir/Core/Src/bsp_motor_tim.c.obj
                0x08000d30                hall_motor_tim_config
 .text.hall_motor_disable
                0x08000d3c       0x20 CMakeFiles/BLDCF407.elf.dir/Core/Src/bsp_motor_tim.c.obj
                0x08000d3c                hall_motor_disable
 .text.get_hall_state
                0x08000d5c       0x3c CMakeFiles/BLDCF407.elf.dir/Core/Src/bsp_motor_tim.c.obj
                0x08000d5c                get_hall_state
 .text.TIMx_Configuration
                0x08000d98       0x10 CMakeFiles/BLDCF407.elf.dir/Core/Src/bsp_motor_tim.c.obj
                0x08000d98                TIMx_Configuration
 .text.get_motor_speed
                0x08000da8        0xc CMakeFiles/BLDCF407.elf.dir/Core/Src/bsp_motor_tim.c.obj
                0x08000da8                get_motor_speed
 .text.HAL_TIM_TriggerCallback
                0x08000db4       0x38 CMakeFiles/BLDCF407.elf.dir/Core/Src/bsp_motor_tim.c.obj
                0x08000db4                HAL_TIM_TriggerCallback
 .text.hall_motor_enable
                0x08000dec       0x28 CMakeFiles/BLDCF407.elf.dir/Core/Src/bsp_motor_tim.c.obj
                0x08000dec                hall_motor_enable
 .text.HAL_TIM_PeriodElapsedCallback
                0x08000e14      0x1cc CMakeFiles/BLDCF407.elf.dir/Core/Src/bsp_motor_tim.c.obj
                0x08000e14                HAL_TIM_PeriodElapsedCallback
 .text.TuneSinFreq
                0x08000fe0       0x8c CMakeFiles/BLDCF407.elf.dir/Core/Src/bsp_spwm.c.obj
                0x08000fe0                TuneSinFreq
 .text.set_MotorDir
                0x0800106c       0x80 CMakeFiles/BLDCF407.elf.dir/Core/Src/bsp_spwm.c.obj
                0x0800106c                set_MotorDir
 .text.config_Sinusoidal
                0x080010ec       0x88 CMakeFiles/BLDCF407.elf.dir/Core/Src/bsp_spwm.c.obj
                0x080010ec                config_Sinusoidal
 .text.map      0x08001174       0x1c CMakeFiles/BLDCF407.elf.dir/Core/Src/bsp_spwm.c.obj
                0x08001174                map
 .text.HAL_SYSTICK_Callback
                0x08001190       0x24 CMakeFiles/BLDCF407.elf.dir/Core/Src/bsp_spwm.c.obj
                0x08001190                HAL_SYSTICK_Callback
 .text.recvBuff_Find_Header
                0x080011b4       0x88 CMakeFiles/BLDCF407.elf.dir/Core/Src/bsp_usart.c.obj
 .text.USART_Config
                0x0800123c       0xbc CMakeFiles/BLDCF407.elf.dir/Core/Src/bsp_usart.c.obj
                0x0800123c                USART_Config
 .text.PushArr  0x080012f8       0x3c CMakeFiles/BLDCF407.elf.dir/Core/Src/bsp_usart.c.obj
                0x080012f8                PushArr
 .text.calculateCRC16
                0x08001334       0x42 CMakeFiles/BLDCF407.elf.dir/Core/Src/bsp_usart.c.obj
                0x08001334                calculateCRC16
 .text.mergeBytesToUint16
                0x08001376       0x1c CMakeFiles/BLDCF407.elf.dir/Core/Src/bsp_usart.c.obj
                0x08001376                mergeBytesToUint16
 *fill*         0x08001392        0x2 
 .text.protocol_Check_header_CRC
                0x08001394       0xb4 CMakeFiles/BLDCF407.elf.dir/Core/Src/bsp_usart.c.obj
 .text.mergeParametersToUint64
                0x08001448       0x64 CMakeFiles/BLDCF407.elf.dir/Core/Src/bsp_usart.c.obj
                0x08001448                mergeParametersToUint64
 .text.receiving_process
                0x080014ac      0x1a0 CMakeFiles/BLDCF407.elf.dir/Core/Src/bsp_usart.c.obj
                0x080014ac                receiving_process
 .text.set_computer_Speed_Location_value
                0x0800164c       0x54 CMakeFiles/BLDCF407.elf.dir/Core/Src/bsp_usart.c.obj
                0x0800164c                set_computer_Speed_Location_value
 .text.vApplicationGetIdleTaskMemory
                0x080016a0       0x18 CMakeFiles/BLDCF407.elf.dir/Core/Src/freertos.c.obj
                0x080016a0                vApplicationGetIdleTaskMemory
 .text.LED_Task
                0x080016b8       0x24 CMakeFiles/BLDCF407.elf.dir/Core/Src/main.c.obj
 .text.AppTaskCreate
                0x080016dc       0xd0 CMakeFiles/BLDCF407.elf.dir/Core/Src/main.c.obj
 .text.PROTOCOL_Task
                0x080017ac       0x10 CMakeFiles/BLDCF407.elf.dir/Core/Src/main.c.obj
 .text.KEY_Task
                0x080017bc       0xe0 CMakeFiles/BLDCF407.elf.dir/Core/Src/main.c.obj
 .text.Error_Handler
                0x0800189c        0x4 CMakeFiles/BLDCF407.elf.dir/Core/Src/main.c.obj
                0x0800189c                Error_Handler
 .text.SystemClock_Config
                0x080018a0       0xec CMakeFiles/BLDCF407.elf.dir/Core/Src/main.c.obj
                0x080018a0                SystemClock_Config
 .text.BSP_Init
                0x0800198c       0x48 CMakeFiles/BLDCF407.elf.dir/Core/Src/main.c.obj
 .text.main     0x080019d4       0x40 CMakeFiles/BLDCF407.elf.dir/Core/Src/main.c.obj
                0x080019d4                main
 .text.SPI1_GPIO_INIT
                0x08001a14       0xd0 CMakeFiles/BLDCF407.elf.dir/Core/Src/spi.c.obj
                0x08001a14                SPI1_GPIO_INIT
 .text.SPI3_GPIO_INIT
                0x08001ae4       0xd0 CMakeFiles/BLDCF407.elf.dir/Core/Src/spi.c.obj
                0x08001ae4                SPI3_GPIO_INIT
 .text.DRV8303_SPI1_Config
                0x08001bb4       0x68 CMakeFiles/BLDCF407.elf.dir/Core/Src/spi.c.obj
                0x08001bb4                DRV8303_SPI1_Config
 .text.DRV8303_SPI3_Config
                0x08001c1c       0x68 CMakeFiles/BLDCF407.elf.dir/Core/Src/spi.c.obj
                0x08001c1c                DRV8303_SPI3_Config
 .text.DRV8303_SPI_Init
                0x08001c84       0x14 CMakeFiles/BLDCF407.elf.dir/Core/Src/spi.c.obj
                0x08001c84                DRV8303_SPI_Init
 .text.SPI_Write_Read_Data
                0x08001c98       0x2e CMakeFiles/BLDCF407.elf.dir/Core/Src/spi.c.obj
                0x08001c98                SPI_Write_Read_Data
 *fill*         0x08001cc6        0x2 
 .text.DRV8303_SPI_ReadWrite
                0x08001cc8       0xb8 CMakeFiles/BLDCF407.elf.dir/Core/Src/spi.c.obj
                0x08001cc8                DRV8303_SPI_ReadWrite
 .text.HAL_MspInit
                0x08001d80       0x44 CMakeFiles/BLDCF407.elf.dir/Core/Src/stm32f4xx_hal_msp.c.obj
                0x08001d80                HAL_MspInit
 .text.NMI_Handler
                0x08001dc4        0x2 CMakeFiles/BLDCF407.elf.dir/Core/Src/stm32f4xx_it.c.obj
                0x08001dc4                NMI_Handler
 .text.HardFault_Handler
                0x08001dc6        0x2 CMakeFiles/BLDCF407.elf.dir/Core/Src/stm32f4xx_it.c.obj
                0x08001dc6                HardFault_Handler
 .text.MemManage_Handler
                0x08001dc8        0x2 CMakeFiles/BLDCF407.elf.dir/Core/Src/stm32f4xx_it.c.obj
                0x08001dc8                MemManage_Handler
 .text.BusFault_Handler
                0x08001dca        0x2 CMakeFiles/BLDCF407.elf.dir/Core/Src/stm32f4xx_it.c.obj
                0x08001dca                BusFault_Handler
 .text.UsageFault_Handler
                0x08001dcc        0x2 CMakeFiles/BLDCF407.elf.dir/Core/Src/stm32f4xx_it.c.obj
                0x08001dcc                UsageFault_Handler
 .text.DebugMon_Handler
                0x08001dce        0x2 CMakeFiles/BLDCF407.elf.dir/Core/Src/stm32f4xx_it.c.obj
                0x08001dce                DebugMon_Handler
 .text.SysTick_Handler
                0x08001dd0       0x1a CMakeFiles/BLDCF407.elf.dir/Core/Src/stm32f4xx_it.c.obj
                0x08001dd0                SysTick_Handler
 *fill*         0x08001dea        0x2 
 .text.USART1_IRQHandler
                0x08001dec       0x44 CMakeFiles/BLDCF407.elf.dir/Core/Src/stm32f4xx_it.c.obj
                0x08001dec                USART1_IRQHandler
 .text.TIM1_UP_TIM10_IRQHandler
                0x08001e30       0x10 CMakeFiles/BLDCF407.elf.dir/Core/Src/stm32f4xx_it.c.obj
                0x08001e30                TIM1_UP_TIM10_IRQHandler
 .text.TIM6_DAC_IRQHandler
                0x08001e40       0x10 CMakeFiles/BLDCF407.elf.dir/Core/Src/stm32f4xx_it.c.obj
                0x08001e40                TIM6_DAC_IRQHandler
 .text.TIM3_IRQHandler
                0x08001e50       0x10 CMakeFiles/BLDCF407.elf.dir/Core/Src/stm32f4xx_it.c.obj
                0x08001e50                TIM3_IRQHandler
 .text.SystemInit
                0x08001e60       0x14 CMakeFiles/BLDCF407.elf.dir/Core/Src/system_stm32f4xx.c.obj
                0x08001e60                SystemInit
 .text.Reset_Handler
                0x08001e74       0x50 CMakeFiles/BLDCF407.elf.dir/Core/Startup/startup_stm32f407igtx.s.obj
                0x08001e74                Reset_Handler
 .text.Default_Handler
                0x08001ec4        0x2 CMakeFiles/BLDCF407.elf.dir/Core/Startup/startup_stm32f407igtx.s.obj
                0x08001ec4                RTC_Alarm_IRQHandler
                0x08001ec4                HASH_RNG_IRQHandler
                0x08001ec4                EXTI2_IRQHandler
                0x08001ec4                TIM8_CC_IRQHandler
                0x08001ec4                TIM1_CC_IRQHandler
                0x08001ec4                DMA2_Stream5_IRQHandler
                0x08001ec4                DMA1_Stream5_IRQHandler
                0x08001ec4                PVD_IRQHandler
                0x08001ec4                SDIO_IRQHandler
                0x08001ec4                TAMP_STAMP_IRQHandler
                0x08001ec4                CAN2_RX1_IRQHandler
                0x08001ec4                EXTI3_IRQHandler
                0x08001ec4                TIM8_TRG_COM_TIM14_IRQHandler
                0x08001ec4                TIM8_UP_TIM13_IRQHandler
                0x08001ec4                I2C3_ER_IRQHandler
                0x08001ec4                EXTI0_IRQHandler
                0x08001ec4                I2C2_EV_IRQHandler
                0x08001ec4                DMA1_Stream2_IRQHandler
                0x08001ec4                CAN1_RX0_IRQHandler
                0x08001ec4                FPU_IRQHandler
                0x08001ec4                OTG_HS_WKUP_IRQHandler
                0x08001ec4                CAN2_SCE_IRQHandler
                0x08001ec4                DMA2_Stream2_IRQHandler
                0x08001ec4                SPI1_IRQHandler
                0x08001ec4                TIM1_BRK_TIM9_IRQHandler
                0x08001ec4                DCMI_IRQHandler
                0x08001ec4                CAN2_RX0_IRQHandler
                0x08001ec4                DMA2_Stream3_IRQHandler
                0x08001ec4                USART6_IRQHandler
                0x08001ec4                USART3_IRQHandler
                0x08001ec4                CAN1_RX1_IRQHandler
                0x08001ec4                UART5_IRQHandler
                0x08001ec4                DMA2_Stream0_IRQHandler
                0x08001ec4                TIM4_IRQHandler
                0x08001ec4                I2C1_EV_IRQHandler
                0x08001ec4                DMA1_Stream6_IRQHandler
                0x08001ec4                DMA1_Stream1_IRQHandler
                0x08001ec4                UART4_IRQHandler
                0x08001ec4                RCC_IRQHandler
                0x08001ec4                TIM8_BRK_TIM12_IRQHandler
                0x08001ec4                Default_Handler
                0x08001ec4                EXTI15_10_IRQHandler
                0x08001ec4                ADC_IRQHandler
                0x08001ec4                DMA1_Stream7_IRQHandler
                0x08001ec4                TIM7_IRQHandler
                0x08001ec4                CAN2_TX_IRQHandler
                0x08001ec4                TIM5_IRQHandler
                0x08001ec4                DMA2_Stream7_IRQHandler
                0x08001ec4                I2C3_EV_IRQHandler
                0x08001ec4                EXTI9_5_IRQHandler
                0x08001ec4                RTC_WKUP_IRQHandler
                0x08001ec4                ETH_WKUP_IRQHandler
                0x08001ec4                SPI2_IRQHandler
                0x08001ec4                OTG_HS_EP1_IN_IRQHandler
                0x08001ec4                DMA1_Stream0_IRQHandler
                0x08001ec4                CAN1_TX_IRQHandler
                0x08001ec4                EXTI4_IRQHandler
                0x08001ec4                FSMC_IRQHandler
                0x08001ec4                ETH_IRQHandler
                0x08001ec4                OTG_HS_EP1_OUT_IRQHandler
                0x08001ec4                WWDG_IRQHandler
                0x08001ec4                TIM2_IRQHandler
                0x08001ec4                OTG_FS_WKUP_IRQHandler
                0x08001ec4                TIM1_TRG_COM_TIM11_IRQHandler
                0x08001ec4                OTG_HS_IRQHandler
                0x08001ec4                EXTI1_IRQHandler
                0x08001ec4                USART2_IRQHandler
                0x08001ec4                I2C2_ER_IRQHandler
                0x08001ec4                DMA2_Stream1_IRQHandler
                0x08001ec4                CAN1_SCE_IRQHandler
                0x08001ec4                FLASH_IRQHandler
                0x08001ec4                DMA2_Stream4_IRQHandler
                0x08001ec4                OTG_FS_IRQHandler
                0x08001ec4                SPI3_IRQHandler
                0x08001ec4                DMA1_Stream4_IRQHandler
                0x08001ec4                I2C1_ER_IRQHandler
                0x08001ec4                DMA2_Stream6_IRQHandler
                0x08001ec4                DMA1_Stream3_IRQHandler
 *fill*         0x08001ec6        0x2 
 .text.HAL_InitTick
                0x08001ec8       0x4c CMakeFiles/BLDCF407.elf.dir/Drivers/STM32F4xx_HAL_Driver/Src/stm32f4xx_hal.c.obj
                0x08001ec8                HAL_InitTick
 .text.HAL_Init
                0x08001f14       0x34 CMakeFiles/BLDCF407.elf.dir/Drivers/STM32F4xx_HAL_Driver/Src/stm32f4xx_hal.c.obj
                0x08001f14                HAL_Init
 .text.HAL_IncTick
                0x08001f48       0x18 CMakeFiles/BLDCF407.elf.dir/Drivers/STM32F4xx_HAL_Driver/Src/stm32f4xx_hal.c.obj
                0x08001f48                HAL_IncTick
 .text.HAL_GetTick
                0x08001f60        0xc CMakeFiles/BLDCF407.elf.dir/Drivers/STM32F4xx_HAL_Driver/Src/stm32f4xx_hal.c.obj
                0x08001f60                HAL_GetTick
 .text.HAL_Delay
                0x08001f6c       0x28 CMakeFiles/BLDCF407.elf.dir/Drivers/STM32F4xx_HAL_Driver/Src/stm32f4xx_hal.c.obj
                0x08001f6c                HAL_Delay
 .text.HAL_GetREVID
                0x08001f94        0xc CMakeFiles/BLDCF407.elf.dir/Drivers/STM32F4xx_HAL_Driver/Src/stm32f4xx_hal.c.obj
                0x08001f94                HAL_GetREVID
 .text.HAL_NVIC_SetPriorityGrouping
                0x08001fa0       0x24 CMakeFiles/BLDCF407.elf.dir/Drivers/STM32F4xx_HAL_Driver/Src/stm32f4xx_hal_cortex.c.obj
                0x08001fa0                HAL_NVIC_SetPriorityGrouping
 .text.HAL_NVIC_SetPriority
                0x08001fc4       0x70 CMakeFiles/BLDCF407.elf.dir/Drivers/STM32F4xx_HAL_Driver/Src/stm32f4xx_hal_cortex.c.obj
                0x08001fc4                HAL_NVIC_SetPriority
 .text.HAL_NVIC_EnableIRQ
                0x08002034       0x1c CMakeFiles/BLDCF407.elf.dir/Drivers/STM32F4xx_HAL_Driver/Src/stm32f4xx_hal_cortex.c.obj
                0x08002034                HAL_NVIC_EnableIRQ
 .text.HAL_SYSTICK_Config
                0x08002050       0x28 CMakeFiles/BLDCF407.elf.dir/Drivers/STM32F4xx_HAL_Driver/Src/stm32f4xx_hal_cortex.c.obj
                0x08002050                HAL_SYSTICK_Config
 .text.HAL_SYSTICK_CLKSourceConfig
                0x08002078       0x20 CMakeFiles/BLDCF407.elf.dir/Drivers/STM32F4xx_HAL_Driver/Src/stm32f4xx_hal_cortex.c.obj
                0x08002078                HAL_SYSTICK_CLKSourceConfig
 .text.HAL_SYSTICK_IRQHandler
                0x08002098        0x8 CMakeFiles/BLDCF407.elf.dir/Drivers/STM32F4xx_HAL_Driver/Src/stm32f4xx_hal_cortex.c.obj
                0x08002098                HAL_SYSTICK_IRQHandler
 .text.HAL_DMA_Abort_IT
                0x080020a0       0x26 CMakeFiles/BLDCF407.elf.dir/Drivers/STM32F4xx_HAL_Driver/Src/stm32f4xx_hal_dma.c.obj
                0x080020a0                HAL_DMA_Abort_IT
 *fill*         0x080020c6        0x2 
 .text.HAL_GPIO_Init
                0x080020c8      0x1e4 CMakeFiles/BLDCF407.elf.dir/Drivers/STM32F4xx_HAL_Driver/Src/stm32f4xx_hal_gpio.c.obj
                0x080020c8                HAL_GPIO_Init
 .text.HAL_GPIO_ReadPin
                0x080022ac        0xe CMakeFiles/BLDCF407.elf.dir/Drivers/STM32F4xx_HAL_Driver/Src/stm32f4xx_hal_gpio.c.obj
                0x080022ac                HAL_GPIO_ReadPin
 .text.HAL_GPIO_WritePin
                0x080022ba        0xc CMakeFiles/BLDCF407.elf.dir/Drivers/STM32F4xx_HAL_Driver/Src/stm32f4xx_hal_gpio.c.obj
                0x080022ba                HAL_GPIO_WritePin
 *fill*         0x080022c6        0x2 
 .text.HAL_RCC_OscConfig
                0x080022c8      0x3f8 CMakeFiles/BLDCF407.elf.dir/Drivers/STM32F4xx_HAL_Driver/Src/stm32f4xx_hal_rcc.c.obj
                0x080022c8                HAL_RCC_OscConfig
 .text.HAL_RCC_GetSysClockFreq
                0x080026c0       0xd4 CMakeFiles/BLDCF407.elf.dir/Drivers/STM32F4xx_HAL_Driver/Src/stm32f4xx_hal_rcc.c.obj
                0x080026c0                HAL_RCC_GetSysClockFreq
 .text.HAL_RCC_ClockConfig
                0x08002794      0x160 CMakeFiles/BLDCF407.elf.dir/Drivers/STM32F4xx_HAL_Driver/Src/stm32f4xx_hal_rcc.c.obj
                0x08002794                HAL_RCC_ClockConfig
 .text.HAL_RCC_GetHCLKFreq
                0x080028f4        0xc CMakeFiles/BLDCF407.elf.dir/Drivers/STM32F4xx_HAL_Driver/Src/stm32f4xx_hal_rcc.c.obj
                0x080028f4                HAL_RCC_GetHCLKFreq
 .text.HAL_RCC_GetPCLK1Freq
                0x08002900       0x20 CMakeFiles/BLDCF407.elf.dir/Drivers/STM32F4xx_HAL_Driver/Src/stm32f4xx_hal_rcc.c.obj
                0x08002900                HAL_RCC_GetPCLK1Freq
 .text.HAL_RCC_GetPCLK2Freq
                0x08002920       0x20 CMakeFiles/BLDCF407.elf.dir/Drivers/STM32F4xx_HAL_Driver/Src/stm32f4xx_hal_rcc.c.obj
                0x08002920                HAL_RCC_GetPCLK2Freq
 .text.HAL_SPI_MspInit
                0x08002940        0x2 CMakeFiles/BLDCF407.elf.dir/Drivers/STM32F4xx_HAL_Driver/Src/stm32f4xx_hal_spi.c.obj
                0x08002940                HAL_SPI_MspInit
 .text.HAL_SPI_Init
                0x08002942       0xbe CMakeFiles/BLDCF407.elf.dir/Drivers/STM32F4xx_HAL_Driver/Src/stm32f4xx_hal_spi.c.obj
                0x08002942                HAL_SPI_Init
 .text.SPI_I2S_SendData
                0x08002a00        0x4 CMakeFiles/BLDCF407.elf.dir/Drivers/STM32F4xx_HAL_Driver/Src/stm32f4xx_hal_spi.c.obj
                0x08002a00                SPI_I2S_SendData
 .text.SPI_I2S_ReceiveData
                0x08002a04        0x6 CMakeFiles/BLDCF407.elf.dir/Drivers/STM32F4xx_HAL_Driver/Src/stm32f4xx_hal_spi.c.obj
                0x08002a04                SPI_I2S_ReceiveData
 .text.SPI_GetFlagStatus
                0x08002a0a        0xe CMakeFiles/BLDCF407.elf.dir/Drivers/STM32F4xx_HAL_Driver/Src/stm32f4xx_hal_spi.c.obj
                0x08002a0a                SPI_GetFlagStatus
 .text.TIM_OC1_SetConfig
                0x08002a18       0x68 CMakeFiles/BLDCF407.elf.dir/Drivers/STM32F4xx_HAL_Driver/Src/stm32f4xx_hal_tim.c.obj
 .text.TIM_OC3_SetConfig
                0x08002a80       0x70 CMakeFiles/BLDCF407.elf.dir/Drivers/STM32F4xx_HAL_Driver/Src/stm32f4xx_hal_tim.c.obj
 .text.TIM_OC4_SetConfig
                0x08002af0       0x50 CMakeFiles/BLDCF407.elf.dir/Drivers/STM32F4xx_HAL_Driver/Src/stm32f4xx_hal_tim.c.obj
 .text.TIM_TI1_ConfigInputStage
                0x08002b40       0x26 CMakeFiles/BLDCF407.elf.dir/Drivers/STM32F4xx_HAL_Driver/Src/stm32f4xx_hal_tim.c.obj
 .text.TIM_TI2_ConfigInputStage
                0x08002b66       0x28 CMakeFiles/BLDCF407.elf.dir/Drivers/STM32F4xx_HAL_Driver/Src/stm32f4xx_hal_tim.c.obj
 .text.TIM_ITRx_SetConfig
                0x08002b8e       0x10 CMakeFiles/BLDCF407.elf.dir/Drivers/STM32F4xx_HAL_Driver/Src/stm32f4xx_hal_tim.c.obj
 .text.HAL_TIM_Base_MspInit
                0x08002b9e        0x2 CMakeFiles/BLDCF407.elf.dir/Drivers/STM32F4xx_HAL_Driver/Src/stm32f4xx_hal_tim.c.obj
                0x08002b9e                HAL_TIM_Base_MspInit
 .text.HAL_TIM_Base_Start_IT
                0x08002ba0       0x88 CMakeFiles/BLDCF407.elf.dir/Drivers/STM32F4xx_HAL_Driver/Src/stm32f4xx_hal_tim.c.obj
                0x08002ba0                HAL_TIM_Base_Start_IT
 .text.HAL_TIM_PWM_MspInit
                0x08002c28        0x2 CMakeFiles/BLDCF407.elf.dir/Drivers/STM32F4xx_HAL_Driver/Src/stm32f4xx_hal_tim.c.obj
                0x08002c28                HAL_TIM_PWM_MspInit
 .text.HAL_TIM_OC_DelayElapsedCallback
                0x08002c2a        0x2 CMakeFiles/BLDCF407.elf.dir/Drivers/STM32F4xx_HAL_Driver/Src/stm32f4xx_hal_tim.c.obj
                0x08002c2a                HAL_TIM_OC_DelayElapsedCallback
 .text.HAL_TIM_IC_CaptureCallback
                0x08002c2c        0x2 CMakeFiles/BLDCF407.elf.dir/Drivers/STM32F4xx_HAL_Driver/Src/stm32f4xx_hal_tim.c.obj
                0x08002c2c                HAL_TIM_IC_CaptureCallback
 .text.HAL_TIM_PWM_PulseFinishedCallback
                0x08002c2e        0x2 CMakeFiles/BLDCF407.elf.dir/Drivers/STM32F4xx_HAL_Driver/Src/stm32f4xx_hal_tim.c.obj
                0x08002c2e                HAL_TIM_PWM_PulseFinishedCallback
 .text.HAL_TIM_IRQHandler
                0x08002c30      0x17a CMakeFiles/BLDCF407.elf.dir/Drivers/STM32F4xx_HAL_Driver/Src/stm32f4xx_hal_tim.c.obj
                0x08002c30                HAL_TIM_IRQHandler
 *fill*         0x08002daa        0x2 
 .text.TIM_Base_SetConfig
                0x08002dac       0xc8 CMakeFiles/BLDCF407.elf.dir/Drivers/STM32F4xx_HAL_Driver/Src/stm32f4xx_hal_tim.c.obj
                0x08002dac                TIM_Base_SetConfig
 .text.HAL_TIM_Base_Init
                0x08002e74       0x58 CMakeFiles/BLDCF407.elf.dir/Drivers/STM32F4xx_HAL_Driver/Src/stm32f4xx_hal_tim.c.obj
                0x08002e74                HAL_TIM_Base_Init
 .text.HAL_TIM_PWM_Init
                0x08002ecc       0x58 CMakeFiles/BLDCF407.elf.dir/Drivers/STM32F4xx_HAL_Driver/Src/stm32f4xx_hal_tim.c.obj
                0x08002ecc                HAL_TIM_PWM_Init
 .text.TIM_OC2_SetConfig
                0x08002f24       0x70 CMakeFiles/BLDCF407.elf.dir/Drivers/STM32F4xx_HAL_Driver/Src/stm32f4xx_hal_tim.c.obj
                0x08002f24                TIM_OC2_SetConfig
 .text.HAL_TIM_PWM_ConfigChannel
                0x08002f94       0xdc CMakeFiles/BLDCF407.elf.dir/Drivers/STM32F4xx_HAL_Driver/Src/stm32f4xx_hal_tim.c.obj
                0x08002f94                HAL_TIM_PWM_ConfigChannel
 .text.TIM_TI1_SetConfig
                0x08003070       0x7c CMakeFiles/BLDCF407.elf.dir/Drivers/STM32F4xx_HAL_Driver/Src/stm32f4xx_hal_tim.c.obj
                0x08003070                TIM_TI1_SetConfig
 .text.TIM_ETR_SetConfig
                0x080030ec       0x1a CMakeFiles/BLDCF407.elf.dir/Drivers/STM32F4xx_HAL_Driver/Src/stm32f4xx_hal_tim.c.obj
                0x080030ec                TIM_ETR_SetConfig
 .text.HAL_TIM_ConfigClockSource
                0x08003106       0xfe CMakeFiles/BLDCF407.elf.dir/Drivers/STM32F4xx_HAL_Driver/Src/stm32f4xx_hal_tim.c.obj
                0x08003106                HAL_TIM_ConfigClockSource
 .text.TIM_CCxChannelCmd
                0x08003204       0x1e CMakeFiles/BLDCF407.elf.dir/Drivers/STM32F4xx_HAL_Driver/Src/stm32f4xx_hal_tim.c.obj
                0x08003204                TIM_CCxChannelCmd
 *fill*         0x08003222        0x2 
 .text.HAL_TIM_PWM_Start
                0x08003224      0x104 CMakeFiles/BLDCF407.elf.dir/Drivers/STM32F4xx_HAL_Driver/Src/stm32f4xx_hal_tim.c.obj
                0x08003224                HAL_TIM_PWM_Start
 .text.HAL_TIM_PWM_Stop
                0x08003328       0x8c CMakeFiles/BLDCF407.elf.dir/Drivers/STM32F4xx_HAL_Driver/Src/stm32f4xx_hal_tim.c.obj
                0x08003328                HAL_TIM_PWM_Stop
 .text.TIM_CCxNChannelCmd
                0x080033b4       0x1e CMakeFiles/BLDCF407.elf.dir/Drivers/STM32F4xx_HAL_Driver/Src/stm32f4xx_hal_tim_ex.c.obj
 .text.HAL_TIMEx_HallSensor_MspInit
                0x080033d2        0x2 CMakeFiles/BLDCF407.elf.dir/Drivers/STM32F4xx_HAL_Driver/Src/stm32f4xx_hal_tim_ex.c.obj
                0x080033d2                HAL_TIMEx_HallSensor_MspInit
 .text.HAL_TIMEx_HallSensor_Init
                0x080033d4       0xd4 CMakeFiles/BLDCF407.elf.dir/Drivers/STM32F4xx_HAL_Driver/Src/stm32f4xx_hal_tim_ex.c.obj
                0x080033d4                HAL_TIMEx_HallSensor_Init
 .text.HAL_TIMEx_HallSensor_Start
                0x080034a8       0xbc CMakeFiles/BLDCF407.elf.dir/Drivers/STM32F4xx_HAL_Driver/Src/stm32f4xx_hal_tim_ex.c.obj
                0x080034a8                HAL_TIMEx_HallSensor_Start
 .text.HAL_TIMEx_HallSensor_Stop
                0x08003564       0x42 CMakeFiles/BLDCF407.elf.dir/Drivers/STM32F4xx_HAL_Driver/Src/stm32f4xx_hal_tim_ex.c.obj
                0x08003564                HAL_TIMEx_HallSensor_Stop
 *fill*         0x080035a6        0x2 
 .text.HAL_TIMEx_PWMN_Start
                0x080035a8       0xf8 CMakeFiles/BLDCF407.elf.dir/Drivers/STM32F4xx_HAL_Driver/Src/stm32f4xx_hal_tim_ex.c.obj
                0x080035a8                HAL_TIMEx_PWMN_Start
 .text.HAL_TIMEx_PWMN_Stop
                0x080036a0       0x76 CMakeFiles/BLDCF407.elf.dir/Drivers/STM32F4xx_HAL_Driver/Src/stm32f4xx_hal_tim_ex.c.obj
                0x080036a0                HAL_TIMEx_PWMN_Stop
 *fill*         0x08003716        0x2 
 .text.HAL_TIMEx_MasterConfigSynchronization
                0x08003718       0x8c CMakeFiles/BLDCF407.elf.dir/Drivers/STM32F4xx_HAL_Driver/Src/stm32f4xx_hal_tim_ex.c.obj
                0x08003718                HAL_TIMEx_MasterConfigSynchronization
 .text.HAL_TIMEx_ConfigBreakDeadTime
                0x080037a4       0x52 CMakeFiles/BLDCF407.elf.dir/Drivers/STM32F4xx_HAL_Driver/Src/stm32f4xx_hal_tim_ex.c.obj
                0x080037a4                HAL_TIMEx_ConfigBreakDeadTime
 .text.HAL_TIMEx_CommutCallback
                0x080037f6        0x2 CMakeFiles/BLDCF407.elf.dir/Drivers/STM32F4xx_HAL_Driver/Src/stm32f4xx_hal_tim_ex.c.obj
                0x080037f6                HAL_TIMEx_CommutCallback
 .text.HAL_TIMEx_BreakCallback
                0x080037f8        0x2 CMakeFiles/BLDCF407.elf.dir/Drivers/STM32F4xx_HAL_Driver/Src/stm32f4xx_hal_tim_ex.c.obj
                0x080037f8                HAL_TIMEx_BreakCallback
 .text.UART_EndRxTransfer
                0x080037fa       0x1c CMakeFiles/BLDCF407.elf.dir/Drivers/STM32F4xx_HAL_Driver/Src/stm32f4xx_hal_uart.c.obj
 .text.UART_Transmit_IT
                0x08003816       0x66 CMakeFiles/BLDCF407.elf.dir/Drivers/STM32F4xx_HAL_Driver/Src/stm32f4xx_hal_uart.c.obj
 .text.UART_SetConfig
                0x0800387c      0x328 CMakeFiles/BLDCF407.elf.dir/Drivers/STM32F4xx_HAL_Driver/Src/stm32f4xx_hal_uart.c.obj
 .text.UART_WaitOnFlagUntilTimeout
                0x08003ba4       0x6c CMakeFiles/BLDCF407.elf.dir/Drivers/STM32F4xx_HAL_Driver/Src/stm32f4xx_hal_uart.c.obj
 .text.HAL_UART_MspInit
                0x08003c10        0x2 CMakeFiles/BLDCF407.elf.dir/Drivers/STM32F4xx_HAL_Driver/Src/stm32f4xx_hal_uart.c.obj
                0x08003c10                HAL_UART_MspInit
 .text.HAL_UART_Init
                0x08003c12       0x5e CMakeFiles/BLDCF407.elf.dir/Drivers/STM32F4xx_HAL_Driver/Src/stm32f4xx_hal_uart.c.obj
                0x08003c12                HAL_UART_Init
 .text.HAL_UART_Transmit
                0x08003c70       0xde CMakeFiles/BLDCF407.elf.dir/Drivers/STM32F4xx_HAL_Driver/Src/stm32f4xx_hal_uart.c.obj
                0x08003c70                HAL_UART_Transmit
 .text.HAL_UART_TxCpltCallback
                0x08003d4e        0x2 CMakeFiles/BLDCF407.elf.dir/Drivers/STM32F4xx_HAL_Driver/Src/stm32f4xx_hal_uart.c.obj
                0x08003d4e                HAL_UART_TxCpltCallback
 .text.UART_EndTransmit_IT
                0x08003d50       0x1a CMakeFiles/BLDCF407.elf.dir/Drivers/STM32F4xx_HAL_Driver/Src/stm32f4xx_hal_uart.c.obj
 .text.HAL_UART_RxCpltCallback
                0x08003d6a        0x2 CMakeFiles/BLDCF407.elf.dir/Drivers/STM32F4xx_HAL_Driver/Src/stm32f4xx_hal_uart.c.obj
                0x08003d6a                HAL_UART_RxCpltCallback
 .text.UART_Receive_IT
                0x08003d6c       0x9e CMakeFiles/BLDCF407.elf.dir/Drivers/STM32F4xx_HAL_Driver/Src/stm32f4xx_hal_uart.c.obj
 .text.HAL_UART_ErrorCallback
                0x08003e0a        0x2 CMakeFiles/BLDCF407.elf.dir/Drivers/STM32F4xx_HAL_Driver/Src/stm32f4xx_hal_uart.c.obj
                0x08003e0a                HAL_UART_ErrorCallback
 .text.HAL_UART_IRQHandler
                0x08003e0c      0x120 CMakeFiles/BLDCF407.elf.dir/Drivers/STM32F4xx_HAL_Driver/Src/stm32f4xx_hal_uart.c.obj
                0x08003e0c                HAL_UART_IRQHandler
 .text.UART_DMAAbortOnError
                0x08003f2c       0x10 CMakeFiles/BLDCF407.elf.dir/Drivers/STM32F4xx_HAL_Driver/Src/stm32f4xx_hal_uart.c.obj
 .text.vListInitialise
                0x08003f3c       0x16 CMakeFiles/BLDCF407.elf.dir/Middlewares/Third_Party/FreeRTOS/Source/list.c.obj
                0x08003f3c                vListInitialise
 .text.vListInitialiseItem
                0x08003f52        0x6 CMakeFiles/BLDCF407.elf.dir/Middlewares/Third_Party/FreeRTOS/Source/list.c.obj
                0x08003f52                vListInitialiseItem
 .text.vListInsertEnd
                0x08003f58       0x16 CMakeFiles/BLDCF407.elf.dir/Middlewares/Third_Party/FreeRTOS/Source/list.c.obj
                0x08003f58                vListInsertEnd
 .text.vListInsert
                0x08003f6e       0x32 CMakeFiles/BLDCF407.elf.dir/Middlewares/Third_Party/FreeRTOS/Source/list.c.obj
                0x08003f6e                vListInsert
 .text.uxListRemove
                0x08003fa0       0x26 CMakeFiles/BLDCF407.elf.dir/Middlewares/Third_Party/FreeRTOS/Source/list.c.obj
                0x08003fa0                uxListRemove
 .text.prvTaskExitError
                0x08003fc6       0x20 CMakeFiles/BLDCF407.elf.dir/Middlewares/Third_Party/FreeRTOS/Source/portable/GCC/ARM_CM4F/port.c.obj
 *fill*         0x08003fe6        0x2 
 .text.prvPortStartFirstTask
                0x08003fe8       0x28 CMakeFiles/BLDCF407.elf.dir/Middlewares/Third_Party/FreeRTOS/Source/portable/GCC/ARM_CM4F/port.c.obj
 .text.vPortEnableVFP
                0x08004010       0x14 CMakeFiles/BLDCF407.elf.dir/Middlewares/Third_Party/FreeRTOS/Source/portable/GCC/ARM_CM4F/port.c.obj
 .text.pxPortInitialiseStack
                0x08004024       0x2c CMakeFiles/BLDCF407.elf.dir/Middlewares/Third_Party/FreeRTOS/Source/portable/GCC/ARM_CM4F/port.c.obj
                0x08004024                pxPortInitialiseStack
 .text.SVC_Handler
                0x08004050       0x24 CMakeFiles/BLDCF407.elf.dir/Middlewares/Third_Party/FreeRTOS/Source/portable/GCC/ARM_CM4F/port.c.obj
                0x08004050                SVC_Handler
 .text.vPortEnterCritical
                0x08004074       0x20 CMakeFiles/BLDCF407.elf.dir/Middlewares/Third_Party/FreeRTOS/Source/portable/GCC/ARM_CM4F/port.c.obj
                0x08004074                vPortEnterCritical
 .text.vPortExitCritical
                0x08004094       0x14 CMakeFiles/BLDCF407.elf.dir/Middlewares/Third_Party/FreeRTOS/Source/portable/GCC/ARM_CM4F/port.c.obj
                0x08004094                vPortExitCritical
 *fill*         0x080040a8        0x8 
 .text.PendSV_Handler
                0x080040b0       0x64 CMakeFiles/BLDCF407.elf.dir/Middlewares/Third_Party/FreeRTOS/Source/portable/GCC/ARM_CM4F/port.c.obj
                0x080040b0                PendSV_Handler
 .text.xPortSysTickHandler
                0x08004114       0x2c CMakeFiles/BLDCF407.elf.dir/Middlewares/Third_Party/FreeRTOS/Source/portable/GCC/ARM_CM4F/port.c.obj
                0x08004114                xPortSysTickHandler
 .text.vPortSetupTimerInterrupt
                0x08004140       0x28 CMakeFiles/BLDCF407.elf.dir/Middlewares/Third_Party/FreeRTOS/Source/portable/GCC/ARM_CM4F/port.c.obj
                0x08004140                vPortSetupTimerInterrupt
 .text.xPortStartScheduler
                0x08004168       0x4c CMakeFiles/BLDCF407.elf.dir/Middlewares/Third_Party/FreeRTOS/Source/portable/GCC/ARM_CM4F/port.c.obj
                0x08004168                xPortStartScheduler
 .text.prvHeapInit
                0x080041b4       0x64 CMakeFiles/BLDCF407.elf.dir/Middlewares/Third_Party/FreeRTOS/Source/portable/MemMang/heap_4.c.obj
 .text.prvInsertBlockIntoFreeList
                0x08004218       0x64 CMakeFiles/BLDCF407.elf.dir/Middlewares/Third_Party/FreeRTOS/Source/portable/MemMang/heap_4.c.obj
 .text.pvPortMalloc
                0x0800427c       0xcc CMakeFiles/BLDCF407.elf.dir/Middlewares/Third_Party/FreeRTOS/Source/portable/MemMang/heap_4.c.obj
                0x0800427c                pvPortMalloc
 .text.vPortFree
                0x08004348       0x58 CMakeFiles/BLDCF407.elf.dir/Middlewares/Third_Party/FreeRTOS/Source/portable/MemMang/heap_4.c.obj
                0x08004348                vPortFree
 .text.prvResetNextTaskUnblockTime
                0x080043a0       0x2c CMakeFiles/BLDCF407.elf.dir/Middlewares/Third_Party/FreeRTOS/Source/tasks.c.obj
 .text.prvInitialiseNewTask
                0x080043cc       0xa2 CMakeFiles/BLDCF407.elf.dir/Middlewares/Third_Party/FreeRTOS/Source/tasks.c.obj
 *fill*         0x0800446e        0x2 
 .text.prvInitialiseTaskLists
                0x08004470       0x68 CMakeFiles/BLDCF407.elf.dir/Middlewares/Third_Party/FreeRTOS/Source/tasks.c.obj
 .text.prvAddNewTaskToReadyList
                0x080044d8       0xa8 CMakeFiles/BLDCF407.elf.dir/Middlewares/Third_Party/FreeRTOS/Source/tasks.c.obj
 .text.prvDeleteTCB
                0x08004580       0x24 CMakeFiles/BLDCF407.elf.dir/Middlewares/Third_Party/FreeRTOS/Source/tasks.c.obj
 .text.prvCheckTasksWaitingTermination
                0x080045a4       0x4c CMakeFiles/BLDCF407.elf.dir/Middlewares/Third_Party/FreeRTOS/Source/tasks.c.obj
 .text.prvIdleTask
                0x080045f0       0x28 CMakeFiles/BLDCF407.elf.dir/Middlewares/Third_Party/FreeRTOS/Source/tasks.c.obj
 .text.prvAddCurrentTaskToDelayedList
                0x08004618       0x98 CMakeFiles/BLDCF407.elf.dir/Middlewares/Third_Party/FreeRTOS/Source/tasks.c.obj
 .text.xTaskCreateStatic
                0x080046b0       0x38 CMakeFiles/BLDCF407.elf.dir/Middlewares/Third_Party/FreeRTOS/Source/tasks.c.obj
                0x080046b0                xTaskCreateStatic
 .text.xTaskCreate
                0x080046e8       0x68 CMakeFiles/BLDCF407.elf.dir/Middlewares/Third_Party/FreeRTOS/Source/tasks.c.obj
                0x080046e8                xTaskCreate
 .text.vTaskDelete
                0x08004750       0xc4 CMakeFiles/BLDCF407.elf.dir/Middlewares/Third_Party/FreeRTOS/Source/tasks.c.obj
                0x08004750                vTaskDelete
 .text.vTaskStartScheduler
                0x08004814       0x74 CMakeFiles/BLDCF407.elf.dir/Middlewares/Third_Party/FreeRTOS/Source/tasks.c.obj
                0x08004814                vTaskStartScheduler
 .text.vTaskSuspendAll
                0x08004888       0x10 CMakeFiles/BLDCF407.elf.dir/Middlewares/Third_Party/FreeRTOS/Source/tasks.c.obj
                0x08004888                vTaskSuspendAll
 .text.xTaskIncrementTick
                0x08004898      0x100 CMakeFiles/BLDCF407.elf.dir/Middlewares/Third_Party/FreeRTOS/Source/tasks.c.obj
                0x08004898                xTaskIncrementTick
 .text.xTaskResumeAll
                0x08004998       0xe0 CMakeFiles/BLDCF407.elf.dir/Middlewares/Third_Party/FreeRTOS/Source/tasks.c.obj
                0x08004998                xTaskResumeAll
 .text.vTaskDelay
                0x08004a78       0x32 CMakeFiles/BLDCF407.elf.dir/Middlewares/Third_Party/FreeRTOS/Source/tasks.c.obj
                0x08004a78                vTaskDelay
 *fill*         0x08004aaa        0x2 
 .text.vTaskSwitchContext
                0x08004aac       0x78 CMakeFiles/BLDCF407.elf.dir/Middlewares/Third_Party/FreeRTOS/Source/tasks.c.obj
                0x08004aac                vTaskSwitchContext
 .text.xTaskGetSchedulerState
                0x08004b24       0x20 CMakeFiles/BLDCF407.elf.dir/Middlewares/Third_Party/FreeRTOS/Source/tasks.c.obj
                0x08004b24                xTaskGetSchedulerState
 .text.__libc_init_array
                0x08004b44       0x48 c:/gcc/gcc-arm-none-eabi-10.3-2021.10/bin/../lib/gcc/arm-none-eabi/10.3.1/../../../../arm-none-eabi/lib/thumb/v7e-m+fp/hard\libg.a(lib_a-init.o)
                0x08004b44                __libc_init_array
 .text.memset   0x08004b8c       0xa4 c:/gcc/gcc-arm-none-eabi-10.3-2021.10/bin/../lib/gcc/arm-none-eabi/10.3.1/../../../../arm-none-eabi/lib/thumb/v7e-m+fp/hard\libg.a(lib_a-memset.o)
                0x08004b8c                memset
 .text.startup.register_fini
                0x08004c30       0x14 c:/gcc/gcc-arm-none-eabi-10.3-2021.10/bin/../lib/gcc/arm-none-eabi/10.3.1/../../../../arm-none-eabi/lib/thumb/v7e-m+fp/hard\libg.a(lib_a-__call_atexit.o)
 .text.atexit   0x08004c44        0xc c:/gcc/gcc-arm-none-eabi-10.3-2021.10/bin/../lib/gcc/arm-none-eabi/10.3.1/../../../../arm-none-eabi/lib/thumb/v7e-m+fp/hard\libg.a(lib_a-atexit.o)
                0x08004c44                atexit
 .text.__libc_fini_array
                0x08004c50       0x2c c:/gcc/gcc-arm-none-eabi-10.3-2021.10/bin/../lib/gcc/arm-none-eabi/10.3.1/../../../../arm-none-eabi/lib/thumb/v7e-m+fp/hard\libg.a(lib_a-fini.o)
                0x08004c50                __libc_fini_array
 .text.__retarget_lock_acquire_recursive
                0x08004c7c        0x4 c:/gcc/gcc-arm-none-eabi-10.3-2021.10/bin/../lib/gcc/arm-none-eabi/10.3.1/../../../../arm-none-eabi/lib/thumb/v7e-m+fp/hard\libg.a(lib_a-lock.o)
                0x08004c7c                __retarget_lock_acquire_recursive
 .text.__retarget_lock_release_recursive
                0x08004c80        0x4 c:/gcc/gcc-arm-none-eabi-10.3-2021.10/bin/../lib/gcc/arm-none-eabi/10.3.1/../../../../arm-none-eabi/lib/thumb/v7e-m+fp/hard\libg.a(lib_a-lock.o)
                0x08004c80                __retarget_lock_release_recursive
 .text.__register_exitproc
                0x08004c84       0x8c c:/gcc/gcc-arm-none-eabi-10.3-2021.10/bin/../lib/gcc/arm-none-eabi/10.3.1/../../../../arm-none-eabi/lib/thumb/v7e-m+fp/hard\libg.a(lib_a-__atexit.o)
                0x08004c84                __register_exitproc
 *(.glue_7)
 .glue_7        0x08004d10        0x0 linker stubs
 *(.glue_7t)
 .glue_7t       0x08004d10        0x0 linker stubs
 *(.eh_frame)
 .eh_frame      0x08004d10        0x0 c:/gcc/gcc-arm-none-eabi-10.3-2021.10/bin/../lib/gcc/arm-none-eabi/10.3.1/thumb/v7e-m+fp/hard/crtbegin.o
 *(.init)
 .init          0x08004d10        0x4 c:/gcc/gcc-arm-none-eabi-10.3-2021.10/bin/../lib/gcc/arm-none-eabi/10.3.1/thumb/v7e-m+fp/hard/crti.o
                0x08004d10                _init
 .init          0x08004d14        0x8 c:/gcc/gcc-arm-none-eabi-10.3-2021.10/bin/../lib/gcc/arm-none-eabi/10.3.1/thumb/v7e-m+fp/hard/crtn.o
 *(.fini)
 .fini          0x08004d1c        0x4 c:/gcc/gcc-arm-none-eabi-10.3-2021.10/bin/../lib/gcc/arm-none-eabi/10.3.1/thumb/v7e-m+fp/hard/crti.o
                0x08004d1c                _fini
 .fini          0x08004d20        0x8 c:/gcc/gcc-arm-none-eabi-10.3-2021.10/bin/../lib/gcc/arm-none-eabi/10.3.1/thumb/v7e-m+fp/hard/crtn.o
                0x08004d28                . = ALIGN (0x4)
                0x08004d28                _etext = .

.vfp11_veneer   0x08004d28        0x0
 .vfp11_veneer  0x08004d28        0x0 linker stubs

.v4_bx          0x08004d28        0x0
 .v4_bx         0x08004d28        0x0 linker stubs

.iplt           0x08004d28        0x0
 .iplt          0x08004d28        0x0 c:/gcc/gcc-arm-none-eabi-10.3-2021.10/bin/../lib/gcc/arm-none-eabi/10.3.1/thumb/v7e-m+fp/hard/crtbegin.o

.rodata         0x08004d28       0x64
                0x08004d28                . = ALIGN (0x4)
 *(.rodata)
 *(.rodata*)
 .rodata.update_speed_dir.str1.4
                0x08004d28        0x7 CMakeFiles/BLDCF407.elf.dir/Core/Src/bsp_motor_tim.c.obj
 *fill*         0x08004d2f        0x1 
 .rodata.AppTaskCreate.str1.4
                0x08004d30       0x26 CMakeFiles/BLDCF407.elf.dir/Core/Src/main.c.obj
 *fill*         0x08004d56        0x2 
 .rodata.main.str1.4
                0x08004d58        0xe CMakeFiles/BLDCF407.elf.dir/Core/Src/main.c.obj
 *fill*         0x08004d66        0x2 
 .rodata.AHBPrescTable
                0x08004d68       0x10 CMakeFiles/BLDCF407.elf.dir/Core/Src/system_stm32f4xx.c.obj
                0x08004d68                AHBPrescTable
 .rodata.APBPrescTable
                0x08004d78        0x8 CMakeFiles/BLDCF407.elf.dir/Core/Src/system_stm32f4xx.c.obj
                0x08004d78                APBPrescTable
 .rodata.vTaskStartScheduler.str1.4
                0x08004d80        0x5 CMakeFiles/BLDCF407.elf.dir/Middlewares/Third_Party/FreeRTOS/Source/tasks.c.obj
 *fill*         0x08004d85        0x3 
 .rodata._global_impure_ptr
                0x08004d88        0x4 c:/gcc/gcc-arm-none-eabi-10.3-2021.10/bin/../lib/gcc/arm-none-eabi/10.3.1/../../../../arm-none-eabi/lib/thumb/v7e-m+fp/hard\libg.a(lib_a-impure.o)
                0x08004d88                _global_impure_ptr
                0x08004d8c                . = ALIGN (0x4)

.ARM.extab      0x08004d8c        0x0
                0x08004d8c                . = ALIGN (0x4)
 *(.ARM.extab* .gnu.linkonce.armextab.*)
                0x08004d8c                . = ALIGN (0x4)

.ARM            0x08004d8c        0x8
                0x08004d8c                . = ALIGN (0x4)
                0x08004d8c                __exidx_start = .
 *(.ARM.exidx*)
 .ARM.exidx     0x08004d8c        0x8 c:/gcc/gcc-arm-none-eabi-10.3-2021.10/bin/../lib/gcc/arm-none-eabi/10.3.1/thumb/v7e-m+fp/hard\libgcc.a(_udivmoddi4.o)
                0x08004d94                __exidx_end = .
                0x08004d94                . = ALIGN (0x4)

.rel.dyn        0x08004d94        0x0
 .rel.iplt      0x08004d94        0x0 c:/gcc/gcc-arm-none-eabi-10.3-2021.10/bin/../lib/gcc/arm-none-eabi/10.3.1/thumb/v7e-m+fp/hard/crtbegin.o

.preinit_array  0x08004d94        0x0
                0x08004d94                . = ALIGN (0x4)
                0x08004d94                PROVIDE (__preinit_array_start = .)
 *(.preinit_array*)
                0x08004d94                PROVIDE (__preinit_array_end = .)
                0x08004d94                . = ALIGN (0x4)

.init_array     0x08004d94        0x8
                0x08004d94                . = ALIGN (0x4)
                0x08004d94                PROVIDE (__init_array_start = .)
 *(SORT_BY_NAME(.init_array.*))
 .init_array.00000
                0x08004d94        0x4 c:/gcc/gcc-arm-none-eabi-10.3-2021.10/bin/../lib/gcc/arm-none-eabi/10.3.1/../../../../arm-none-eabi/lib/thumb/v7e-m+fp/hard\libg.a(lib_a-__call_atexit.o)
 *(.init_array*)
 .init_array    0x08004d98        0x4 c:/gcc/gcc-arm-none-eabi-10.3-2021.10/bin/../lib/gcc/arm-none-eabi/10.3.1/thumb/v7e-m+fp/hard/crtbegin.o
                0x08004d9c                PROVIDE (__init_array_end = .)
                0x08004d9c                . = ALIGN (0x4)

.fini_array     0x08004d9c        0x4
                0x08004d9c                . = ALIGN (0x4)
                0x08004d9c                PROVIDE (__fini_array_start = .)
 *(SORT_BY_NAME(.fini_array.*))
 *(.fini_array*)
 .fini_array    0x08004d9c        0x4 c:/gcc/gcc-arm-none-eabi-10.3-2021.10/bin/../lib/gcc/arm-none-eabi/10.3.1/thumb/v7e-m+fp/hard/crtbegin.o
                0x08004da0                PROVIDE (__fini_array_end = .)
                0x08004da0                . = ALIGN (0x4)
                0x08004da0                _sidata = LOADADDR (.data)

.data           0x20000000      0x564 load address 0x08004da0
                0x20000000                . = ALIGN (0x4)
                0x20000000                _sdata = .
 *(.data)
 *(.data*)
 .data.Accel    0x20000000        0x4 CMakeFiles/BLDCF407.elf.dir/Core/Src/bsp_spwm.c.obj
                0x20000000                Accel
 .data.HalfMax  0x20000004        0x4 CMakeFiles/BLDCF407.elf.dir/Core/Src/bsp_spwm.c.obj
                0x20000004                HalfMax
 .data.Sin1Dir  0x20000008        0x2 CMakeFiles/BLDCF407.elf.dir/Core/Src/bsp_spwm.c.obj
                0x20000008                Sin1Dir
 .data.Sin2Dir  0x2000000a        0x2 CMakeFiles/BLDCF407.elf.dir/Core/Src/bsp_spwm.c.obj
                0x2000000a                Sin2Dir
 .data.Sin3Dir  0x2000000c        0x2 CMakeFiles/BLDCF407.elf.dir/Core/Src/bsp_spwm.c.obj
                0x2000000c                Sin3Dir
 *fill*         0x2000000e        0x2 
 .data.SinAmp   0x20000010        0x4 CMakeFiles/BLDCF407.elf.dir/Core/Src/bsp_spwm.c.obj
                0x20000010                SinAmp
 .data.Volt_Freq
                0x20000014        0x4 CMakeFiles/BLDCF407.elf.dir/Core/Src/bsp_spwm.c.obj
                0x20000014                Volt_Freq
 .data.sin2TableIndex
                0x20000018        0x2 CMakeFiles/BLDCF407.elf.dir/Core/Src/bsp_spwm.c.obj
                0x20000018                sin2TableIndex
 .data.sin3TableIndex
                0x2000001a        0x2 CMakeFiles/BLDCF407.elf.dir/Core/Src/bsp_spwm.c.obj
                0x2000001a                sin3TableIndex
 .data.SamplePoint
                0x2000001c        0x4 CMakeFiles/BLDCF407.elf.dir/Core/Src/main.c.obj
                0x2000001c                SamplePoint
 .data.SinTable
                0x20000020      0x100 CMakeFiles/BLDCF407.elf.dir/Core/Src/main.c.obj
                0x20000020                SinTable
 .data.freq     0x20000120        0x4 CMakeFiles/BLDCF407.elf.dir/Core/Src/main.c.obj
                0x20000120                freq
 .data.SystemCoreClock
                0x20000124        0x4 CMakeFiles/BLDCF407.elf.dir/Core/Src/system_stm32f4xx.c.obj
                0x20000124                SystemCoreClock
 .data.uwTickFreq
                0x20000128        0x1 CMakeFiles/BLDCF407.elf.dir/Drivers/STM32F4xx_HAL_Driver/Src/stm32f4xx_hal.c.obj
                0x20000128                uwTickFreq
 *fill*         0x20000129        0x3 
 .data.uwTickPrio
                0x2000012c        0x4 CMakeFiles/BLDCF407.elf.dir/Drivers/STM32F4xx_HAL_Driver/Src/stm32f4xx_hal.c.obj
                0x2000012c                uwTickPrio
 .data.uxCriticalNesting
                0x20000130        0x4 CMakeFiles/BLDCF407.elf.dir/Middlewares/Third_Party/FreeRTOS/Source/portable/GCC/ARM_CM4F/port.c.obj
 *fill*         0x20000134        0x4 
 .data.impure_data
                0x20000138      0x428 c:/gcc/gcc-arm-none-eabi-10.3-2021.10/bin/../lib/gcc/arm-none-eabi/10.3.1/../../../../arm-none-eabi/lib/thumb/v7e-m+fp/hard\libg.a(lib_a-impure.o)
 .data.__atexit_recursive_mutex
                0x20000560        0x4 c:/gcc/gcc-arm-none-eabi-10.3-2021.10/bin/../lib/gcc/arm-none-eabi/10.3.1/../../../../arm-none-eabi/lib/thumb/v7e-m+fp/hard\libg.a(lib_a-__call_atexit.o)
                0x20000560                __atexit_recursive_mutex
 *(.RamFunc)
 *(.RamFunc*)
                0x20000564                . = ALIGN (0x4)
                0x20000564                _edata = .
                0x08005304                _siccmram = LOADADDR (.ccmram)

.igot.plt       0x20000564        0x0 load address 0x08005304
 .igot.plt      0x20000564        0x0 c:/gcc/gcc-arm-none-eabi-10.3-2021.10/bin/../lib/gcc/arm-none-eabi/10.3.1/thumb/v7e-m+fp/hard/crtbegin.o

.ccmram         0x10000000        0x0 load address 0x08005304
                0x10000000                . = ALIGN (0x4)
                0x10000000                _sccmram = .
 *(.ccmram)
 *(.ccmram*)
                0x10000000                . = ALIGN (0x4)
                0x10000000                _eccmram = .
                0x10000000                . = ALIGN (0x4)

.bss            0x20000564     0x990c
                0x20000564                _sbss = .
                0x20000564                __bss_start__ = _sbss
 *(.bss)
 .bss           0x20000564       0x1c c:/gcc/gcc-arm-none-eabi-10.3-2021.10/bin/../lib/gcc/arm-none-eabi/10.3.1/thumb/v7e-m+fp/hard/crtbegin.o
 *(.bss*)
 .bss.ReadReg   0x20000580        0x2 CMakeFiles/BLDCF407.elf.dir/Core/Src/bsp_DRV8303.c.obj
                0x20000580                ReadReg
 .bss.SPI_WRITE_MODE1
                0x20000582        0x2 CMakeFiles/BLDCF407.elf.dir/Core/Src/bsp_DRV8303.c.obj
                0x20000582                SPI_WRITE_MODE1
 .bss.SPI_WRITE_MODE2
                0x20000584        0x2 CMakeFiles/BLDCF407.elf.dir/Core/Src/bsp_DRV8303.c.obj
                0x20000584                SPI_WRITE_MODE2
 *fill*         0x20000586        0x2 
 .bss.TIM_TimeBaseStructure
                0x20000588       0x48 CMakeFiles/BLDCF407.elf.dir/Core/Src/bsp_basic_tim.c.obj
                0x20000588                TIM_TimeBaseStructure
 .bss.bldcm_data
                0x200005d0       0x88 CMakeFiles/BLDCF407.elf.dir/Core/Src/bsp_motor_control.c.obj
                0x200005d0                bldcm_data
 .bss.MOTOR1_BreakDeadTimeConfig
                0x20000658       0x20 CMakeFiles/BLDCF407.elf.dir/Core/Src/bsp_motor_tim.c.obj
                0x20000658                MOTOR1_BreakDeadTimeConfig
 .bss.MOTOR1_ClockSourceConfig
                0x20000678       0x10 CMakeFiles/BLDCF407.elf.dir/Core/Src/bsp_motor_tim.c.obj
                0x20000678                MOTOR1_ClockSourceConfig
 .bss.MOTOR1_MasterConfig
                0x20000688        0x8 CMakeFiles/BLDCF407.elf.dir/Core/Src/bsp_motor_tim.c.obj
                0x20000688                MOTOR1_MasterConfig
 .bss.MOTOR1_TIM_OCInitStructure
                0x20000690       0x1c CMakeFiles/BLDCF407.elf.dir/Core/Src/bsp_motor_tim.c.obj
                0x20000690                MOTOR1_TIM_OCInitStructure
 .bss.count     0x200006ac        0x1 CMakeFiles/BLDCF407.elf.dir/Core/Src/bsp_motor_tim.c.obj
 *fill*         0x200006ad        0x3 
 .bss.flag.1    0x200006b0        0x4 CMakeFiles/BLDCF407.elf.dir/Core/Src/bsp_motor_tim.c.obj
 .bss.motor1_htimx_bldcm
                0x200006b4       0x48 CMakeFiles/BLDCF407.elf.dir/Core/Src/bsp_motor_tim.c.obj
                0x200006b4                motor1_htimx_bldcm
 .bss.motor_htimx_hall
                0x200006fc       0x48 CMakeFiles/BLDCF407.elf.dir/Core/Src/bsp_motor_tim.c.obj
                0x200006fc                motor_htimx_hall
 .bss.num_old.0
                0x20000744        0x1 CMakeFiles/BLDCF407.elf.dir/Core/Src/bsp_motor_tim.c.obj
 *fill*         0x20000745        0x3 
 .bss.i.0       0x20000748        0x4 CMakeFiles/BLDCF407.elf.dir/Core/Src/bsp_spwm.c.obj
 .bss.sin1TableIndex
                0x2000074c        0x2 CMakeFiles/BLDCF407.elf.dir/Core/Src/bsp_spwm.c.obj
                0x2000074c                sin1TableIndex
 *fill*         0x2000074e        0x2 
 .bss.UartHandle
                0x20000750       0x40 CMakeFiles/BLDCF407.elf.dir/Core/Src/bsp_usart.c.obj
                0x20000750                UartHandle
 .bss.data_buff
                0x20000790       0x80 CMakeFiles/BLDCF407.elf.dir/Core/Src/bsp_usart.c.obj
                0x20000790                data_buff
 .bss.rd_p      0x20000810        0x1 CMakeFiles/BLDCF407.elf.dir/Core/Src/bsp_usart.c.obj
                0x20000810                rd_p
 .bss.wr_p      0x20000811        0x1 CMakeFiles/BLDCF407.elf.dir/Core/Src/bsp_usart.c.obj
                0x20000811                wr_p
 *fill*         0x20000812        0x2 
 .bss.xIdleStack
                0x20000814      0x200 CMakeFiles/BLDCF407.elf.dir/Core/Src/freertos.c.obj
 .bss.xIdleTaskTCBBuffer
                0x20000a14       0x54 CMakeFiles/BLDCF407.elf.dir/Core/Src/freertos.c.obj
 .bss.AppTaskCreate_Handle
                0x20000a68        0x4 CMakeFiles/BLDCF407.elf.dir/Core/Src/main.c.obj
 .bss.KEY_Task_Handle
                0x20000a6c        0x4 CMakeFiles/BLDCF407.elf.dir/Core/Src/main.c.obj
 .bss.LED_Task_Handle
                0x20000a70        0x4 CMakeFiles/BLDCF407.elf.dir/Core/Src/main.c.obj
 .bss.PROTOCOL_Task_Handle
                0x20000a74        0x4 CMakeFiles/BLDCF407.elf.dir/Core/Src/main.c.obj
 .bss.hspi1     0x20000a78       0x58 CMakeFiles/BLDCF407.elf.dir/Core/Src/spi.c.obj
                0x20000a78                hspi1
 .bss.hspi3     0x20000ad0       0x58 CMakeFiles/BLDCF407.elf.dir/Core/Src/spi.c.obj
                0x20000ad0                hspi3
 .bss.uwTick    0x20000b28        0x4 CMakeFiles/BLDCF407.elf.dir/Drivers/STM32F4xx_HAL_Driver/Src/stm32f4xx_hal.c.obj
                0x20000b28                uwTick
 .bss.pxEnd     0x20000b2c        0x4 CMakeFiles/BLDCF407.elf.dir/Middlewares/Third_Party/FreeRTOS/Source/portable/MemMang/heap_4.c.obj
 .bss.ucHeap    0x20000b30     0x9000 CMakeFiles/BLDCF407.elf.dir/Middlewares/Third_Party/FreeRTOS/Source/portable/MemMang/heap_4.c.obj
 .bss.xBlockAllocatedBit
                0x20009b30        0x4 CMakeFiles/BLDCF407.elf.dir/Middlewares/Third_Party/FreeRTOS/Source/portable/MemMang/heap_4.c.obj
 .bss.xFreeBytesRemaining
                0x20009b34        0x4 CMakeFiles/BLDCF407.elf.dir/Middlewares/Third_Party/FreeRTOS/Source/portable/MemMang/heap_4.c.obj
 .bss.xMinimumEverFreeBytesRemaining
                0x20009b38        0x4 CMakeFiles/BLDCF407.elf.dir/Middlewares/Third_Party/FreeRTOS/Source/portable/MemMang/heap_4.c.obj
 .bss.xNumberOfSuccessfulAllocations
                0x20009b3c        0x4 CMakeFiles/BLDCF407.elf.dir/Middlewares/Third_Party/FreeRTOS/Source/portable/MemMang/heap_4.c.obj
 .bss.xNumberOfSuccessfulFrees
                0x20009b40        0x4 CMakeFiles/BLDCF407.elf.dir/Middlewares/Third_Party/FreeRTOS/Source/portable/MemMang/heap_4.c.obj
 .bss.xStart    0x20009b44        0x8 CMakeFiles/BLDCF407.elf.dir/Middlewares/Third_Party/FreeRTOS/Source/portable/MemMang/heap_4.c.obj
 .bss.pxCurrentTCB
                0x20009b4c        0x4 CMakeFiles/BLDCF407.elf.dir/Middlewares/Third_Party/FreeRTOS/Source/tasks.c.obj
                0x20009b4c                pxCurrentTCB
 .bss.pxDelayedTaskList
                0x20009b50        0x4 CMakeFiles/BLDCF407.elf.dir/Middlewares/Third_Party/FreeRTOS/Source/tasks.c.obj
 .bss.pxOverflowDelayedTaskList
                0x20009b54        0x4 CMakeFiles/BLDCF407.elf.dir/Middlewares/Third_Party/FreeRTOS/Source/tasks.c.obj
 .bss.pxReadyTasksLists
                0x20009b58      0x280 CMakeFiles/BLDCF407.elf.dir/Middlewares/Third_Party/FreeRTOS/Source/tasks.c.obj
 .bss.uxCurrentNumberOfTasks
                0x20009dd8        0x4 CMakeFiles/BLDCF407.elf.dir/Middlewares/Third_Party/FreeRTOS/Source/tasks.c.obj
 .bss.uxDeletedTasksWaitingCleanUp
                0x20009ddc        0x4 CMakeFiles/BLDCF407.elf.dir/Middlewares/Third_Party/FreeRTOS/Source/tasks.c.obj
 .bss.uxSchedulerSuspended
                0x20009de0        0x4 CMakeFiles/BLDCF407.elf.dir/Middlewares/Third_Party/FreeRTOS/Source/tasks.c.obj
 .bss.uxTaskNumber
                0x20009de4        0x4 CMakeFiles/BLDCF407.elf.dir/Middlewares/Third_Party/FreeRTOS/Source/tasks.c.obj
 .bss.uxTopReadyPriority
                0x20009de8        0x4 CMakeFiles/BLDCF407.elf.dir/Middlewares/Third_Party/FreeRTOS/Source/tasks.c.obj
 .bss.xDelayedTaskList1
                0x20009dec       0x14 CMakeFiles/BLDCF407.elf.dir/Middlewares/Third_Party/FreeRTOS/Source/tasks.c.obj
 .bss.xDelayedTaskList2
                0x20009e00       0x14 CMakeFiles/BLDCF407.elf.dir/Middlewares/Third_Party/FreeRTOS/Source/tasks.c.obj
 .bss.xIdleTaskHandle
                0x20009e14        0x4 CMakeFiles/BLDCF407.elf.dir/Middlewares/Third_Party/FreeRTOS/Source/tasks.c.obj
 .bss.xNextTaskUnblockTime
                0x20009e18        0x4 CMakeFiles/BLDCF407.elf.dir/Middlewares/Third_Party/FreeRTOS/Source/tasks.c.obj
 .bss.xNumOfOverflows
                0x20009e1c        0x4 CMakeFiles/BLDCF407.elf.dir/Middlewares/Third_Party/FreeRTOS/Source/tasks.c.obj
 .bss.xPendedTicks
                0x20009e20        0x4 CMakeFiles/BLDCF407.elf.dir/Middlewares/Third_Party/FreeRTOS/Source/tasks.c.obj
 .bss.xPendingReadyList
                0x20009e24       0x14 CMakeFiles/BLDCF407.elf.dir/Middlewares/Third_Party/FreeRTOS/Source/tasks.c.obj
 .bss.xSchedulerRunning
                0x20009e38        0x4 CMakeFiles/BLDCF407.elf.dir/Middlewares/Third_Party/FreeRTOS/Source/tasks.c.obj
 .bss.xSuspendedTaskList
                0x20009e3c       0x14 CMakeFiles/BLDCF407.elf.dir/Middlewares/Third_Party/FreeRTOS/Source/tasks.c.obj
 .bss.xTasksWaitingTermination
                0x20009e50       0x14 CMakeFiles/BLDCF407.elf.dir/Middlewares/Third_Party/FreeRTOS/Source/tasks.c.obj
 .bss.xTickCount
                0x20009e64        0x4 CMakeFiles/BLDCF407.elf.dir/Middlewares/Third_Party/FreeRTOS/Source/tasks.c.obj
 .bss.xYieldPending
                0x20009e68        0x4 CMakeFiles/BLDCF407.elf.dir/Middlewares/Third_Party/FreeRTOS/Source/tasks.c.obj
 .bss.__lock___atexit_recursive_mutex
                0x20009e6c        0x1 c:/gcc/gcc-arm-none-eabi-10.3-2021.10/bin/../lib/gcc/arm-none-eabi/10.3.1/../../../../arm-none-eabi/lib/thumb/v7e-m+fp/hard\libg.a(lib_a-lock.o)
                0x20009e6c                __lock___atexit_recursive_mutex
 *(COMMON)
                0x20009e70                . = ALIGN (0x4)
 *fill*         0x20009e6d        0x3 
                0x20009e70                _ebss = .
                0x20009e70                __bss_end__ = _ebss

._user_heap_stack
                0x20009e70      0x600
                0x20009e70                . = ALIGN (0x8)
                [!provide]                PROVIDE (end = .)
                0x20009e70                PROVIDE (_end = .)
                0x2000a070                . = (. + _Min_Heap_Size)
 *fill*         0x20009e70      0x200 
                0x2000a470                . = (. + _Min_Stack_Size)
 *fill*         0x2000a070      0x400 
                0x2000a470                . = ALIGN (0x8)

/DISCARD/
 libc.a(*)
 libm.a(*)
 libgcc.a(*)

.ARM.attributes
                0x00000000       0x30
 *(.ARM.attributes)
 .ARM.attributes
                0x00000000       0x1e c:/gcc/gcc-arm-none-eabi-10.3-2021.10/bin/../lib/gcc/arm-none-eabi/10.3.1/thumb/v7e-m+fp/hard/crti.o
 .ARM.attributes
                0x0000001e       0x34 c:/gcc/gcc-arm-none-eabi-10.3-2021.10/bin/../lib/gcc/arm-none-eabi/10.3.1/thumb/v7e-m+fp/hard/crtbegin.o
 .ARM.attributes
                0x00000052       0x34 CMakeFiles/BLDCF407.elf.dir/Core/Src/bsp_DRV8303.c.obj
 .ARM.attributes
                0x00000086       0x34 CMakeFiles/BLDCF407.elf.dir/Core/Src/bsp_basic_tim.c.obj
 .ARM.attributes
                0x000000ba       0x34 CMakeFiles/BLDCF407.elf.dir/Core/Src/bsp_key.c.obj
 .ARM.attributes
                0x000000ee       0x34 CMakeFiles/BLDCF407.elf.dir/Core/Src/bsp_led.c.obj
 .ARM.attributes
                0x00000122       0x34 CMakeFiles/BLDCF407.elf.dir/Core/Src/bsp_motor_control.c.obj
 .ARM.attributes
                0x00000156       0x34 CMakeFiles/BLDCF407.elf.dir/Core/Src/bsp_motor_tim.c.obj
 .ARM.attributes
                0x0000018a       0x34 CMakeFiles/BLDCF407.elf.dir/Core/Src/bsp_spwm.c.obj
 .ARM.attributes
                0x000001be       0x34 CMakeFiles/BLDCF407.elf.dir/Core/Src/bsp_usart.c.obj
 .ARM.attributes
                0x000001f2       0x34 CMakeFiles/BLDCF407.elf.dir/Core/Src/freertos.c.obj
 .ARM.attributes
                0x00000226       0x34 CMakeFiles/BLDCF407.elf.dir/Core/Src/main.c.obj
 .ARM.attributes
                0x0000025a       0x34 CMakeFiles/BLDCF407.elf.dir/Core/Src/spi.c.obj
 .ARM.attributes
                0x0000028e       0x34 CMakeFiles/BLDCF407.elf.dir/Core/Src/stm32f4xx_hal_msp.c.obj
 .ARM.attributes
                0x000002c2       0x34 CMakeFiles/BLDCF407.elf.dir/Core/Src/stm32f4xx_it.c.obj
 .ARM.attributes
                0x000002f6       0x34 CMakeFiles/BLDCF407.elf.dir/Core/Src/system_stm32f4xx.c.obj
 .ARM.attributes
                0x0000032a       0x21 CMakeFiles/BLDCF407.elf.dir/Core/Startup/startup_stm32f407igtx.s.obj
 .ARM.attributes
                0x0000034b       0x34 CMakeFiles/BLDCF407.elf.dir/Drivers/STM32F4xx_HAL_Driver/Src/stm32f4xx_hal.c.obj
 .ARM.attributes
                0x0000037f       0x34 CMakeFiles/BLDCF407.elf.dir/Drivers/STM32F4xx_HAL_Driver/Src/stm32f4xx_hal_cortex.c.obj
 .ARM.attributes
                0x000003b3       0x34 CMakeFiles/BLDCF407.elf.dir/Drivers/STM32F4xx_HAL_Driver/Src/stm32f4xx_hal_dma.c.obj
 .ARM.attributes
                0x000003e7       0x34 CMakeFiles/BLDCF407.elf.dir/Drivers/STM32F4xx_HAL_Driver/Src/stm32f4xx_hal_gpio.c.obj
 .ARM.attributes
                0x0000041b       0x34 CMakeFiles/BLDCF407.elf.dir/Drivers/STM32F4xx_HAL_Driver/Src/stm32f4xx_hal_rcc.c.obj
 .ARM.attributes
                0x0000044f       0x34 CMakeFiles/BLDCF407.elf.dir/Drivers/STM32F4xx_HAL_Driver/Src/stm32f4xx_hal_spi.c.obj
 .ARM.attributes
                0x00000483       0x34 CMakeFiles/BLDCF407.elf.dir/Drivers/STM32F4xx_HAL_Driver/Src/stm32f4xx_hal_tim.c.obj
 .ARM.attributes
                0x000004b7       0x34 CMakeFiles/BLDCF407.elf.dir/Drivers/STM32F4xx_HAL_Driver/Src/stm32f4xx_hal_tim_ex.c.obj
 .ARM.attributes
                0x000004eb       0x34 CMakeFiles/BLDCF407.elf.dir/Drivers/STM32F4xx_HAL_Driver/Src/stm32f4xx_hal_uart.c.obj
 .ARM.attributes
                0x0000051f       0x34 CMakeFiles/BLDCF407.elf.dir/Middlewares/Third_Party/FreeRTOS/Source/list.c.obj
 .ARM.attributes
                0x00000553       0x34 CMakeFiles/BLDCF407.elf.dir/Middlewares/Third_Party/FreeRTOS/Source/portable/GCC/ARM_CM4F/port.c.obj
 .ARM.attributes
                0x00000587       0x34 CMakeFiles/BLDCF407.elf.dir/Middlewares/Third_Party/FreeRTOS/Source/portable/MemMang/heap_4.c.obj
 .ARM.attributes
                0x000005bb       0x34 CMakeFiles/BLDCF407.elf.dir/Middlewares/Third_Party/FreeRTOS/Source/tasks.c.obj
 .ARM.attributes
                0x000005ef       0x1e c:/gcc/gcc-arm-none-eabi-10.3-2021.10/bin/../lib/gcc/arm-none-eabi/10.3.1/thumb/v7e-m+fp/hard\libgcc.a(_aeabi_uldivmod.o)
 .ARM.attributes
                0x0000060d       0x34 c:/gcc/gcc-arm-none-eabi-10.3-2021.10/bin/../lib/gcc/arm-none-eabi/10.3.1/thumb/v7e-m+fp/hard\libgcc.a(_udivmoddi4.o)
 .ARM.attributes
                0x00000641       0x1e c:/gcc/gcc-arm-none-eabi-10.3-2021.10/bin/../lib/gcc/arm-none-eabi/10.3.1/thumb/v7e-m+fp/hard\libgcc.a(_dvmd_tls.o)
 .ARM.attributes
                0x0000065f       0x34 c:/gcc/gcc-arm-none-eabi-10.3-2021.10/bin/../lib/gcc/arm-none-eabi/10.3.1/../../../../arm-none-eabi/lib/thumb/v7e-m+fp/hard\libg.a(lib_a-impure.o)
 .ARM.attributes
                0x00000693       0x34 c:/gcc/gcc-arm-none-eabi-10.3-2021.10/bin/../lib/gcc/arm-none-eabi/10.3.1/../../../../arm-none-eabi/lib/thumb/v7e-m+fp/hard\libg.a(lib_a-init.o)
 .ARM.attributes
                0x000006c7       0x34 c:/gcc/gcc-arm-none-eabi-10.3-2021.10/bin/../lib/gcc/arm-none-eabi/10.3.1/../../../../arm-none-eabi/lib/thumb/v7e-m+fp/hard\libg.a(lib_a-memset.o)
 .ARM.attributes
                0x000006fb       0x34 c:/gcc/gcc-arm-none-eabi-10.3-2021.10/bin/../lib/gcc/arm-none-eabi/10.3.1/../../../../arm-none-eabi/lib/thumb/v7e-m+fp/hard\libg.a(lib_a-__call_atexit.o)
 .ARM.attributes
                0x0000072f       0x34 c:/gcc/gcc-arm-none-eabi-10.3-2021.10/bin/../lib/gcc/arm-none-eabi/10.3.1/../../../../arm-none-eabi/lib/thumb/v7e-m+fp/hard\libg.a(lib_a-atexit.o)
 .ARM.attributes
                0x00000763       0x34 c:/gcc/gcc-arm-none-eabi-10.3-2021.10/bin/../lib/gcc/arm-none-eabi/10.3.1/../../../../arm-none-eabi/lib/thumb/v7e-m+fp/hard\libg.a(lib_a-fini.o)
 .ARM.attributes
                0x00000797       0x34 c:/gcc/gcc-arm-none-eabi-10.3-2021.10/bin/../lib/gcc/arm-none-eabi/10.3.1/../../../../arm-none-eabi/lib/thumb/v7e-m+fp/hard\libg.a(lib_a-lock.o)
 .ARM.attributes
                0x000007cb       0x34 c:/gcc/gcc-arm-none-eabi-10.3-2021.10/bin/../lib/gcc/arm-none-eabi/10.3.1/../../../../arm-none-eabi/lib/thumb/v7e-m+fp/hard\libg.a(lib_a-__atexit.o)
 .ARM.attributes
                0x000007ff       0x1e c:/gcc/gcc-arm-none-eabi-10.3-2021.10/bin/../lib/gcc/arm-none-eabi/10.3.1/thumb/v7e-m+fp/hard/crtn.o
OUTPUT(BLDCF407.elf elf32-littlearm)
LOAD linker stubs
LOAD c:/gcc/gcc-arm-none-eabi-10.3-2021.10/bin/../lib/gcc/arm-none-eabi/10.3.1/../../../../arm-none-eabi/lib/thumb/v7e-m+fp/hard\libc.a
LOAD c:/gcc/gcc-arm-none-eabi-10.3-2021.10/bin/../lib/gcc/arm-none-eabi/10.3.1/../../../../arm-none-eabi/lib/thumb/v7e-m+fp/hard\libm.a
LOAD c:/gcc/gcc-arm-none-eabi-10.3-2021.10/bin/../lib/gcc/arm-none-eabi/10.3.1/thumb/v7e-m+fp/hard\libgcc.a

.debug_info     0x00000000    0x19906
 .debug_info    0x00000000      0x6ed CMakeFiles/BLDCF407.elf.dir/Core/Src/bsp_DRV8303.c.obj
 .debug_info    0x000006ed      0xb5c CMakeFiles/BLDCF407.elf.dir/Core/Src/bsp_basic_tim.c.obj
 .debug_info    0x00001249      0x5af CMakeFiles/BLDCF407.elf.dir/Core/Src/bsp_key.c.obj
 .debug_info    0x000017f8      0x480 CMakeFiles/BLDCF407.elf.dir/Core/Src/bsp_led.c.obj
 .debug_info    0x00001c78      0x954 CMakeFiles/BLDCF407.elf.dir/Core/Src/bsp_motor_control.c.obj
 .debug_info    0x000025cc     0x18ee CMakeFiles/BLDCF407.elf.dir/Core/Src/bsp_motor_tim.c.obj
 .debug_info    0x00003eba      0xa94 CMakeFiles/BLDCF407.elf.dir/Core/Src/bsp_spwm.c.obj
 .debug_info    0x0000494e     0x14df CMakeFiles/BLDCF407.elf.dir/Core/Src/bsp_usart.c.obj
 .debug_info    0x00005e2d      0x497 CMakeFiles/BLDCF407.elf.dir/Core/Src/freertos.c.obj
 .debug_info    0x000062c4     0x15d3 CMakeFiles/BLDCF407.elf.dir/Core/Src/main.c.obj
 .debug_info    0x00007897      0xf8d CMakeFiles/BLDCF407.elf.dir/Core/Src/spi.c.obj
 .debug_info    0x00008824      0x551 CMakeFiles/BLDCF407.elf.dir/Core/Src/stm32f4xx_hal_msp.c.obj
 .debug_info    0x00008d75      0xb16 CMakeFiles/BLDCF407.elf.dir/Core/Src/stm32f4xx_it.c.obj
 .debug_info    0x0000988b      0x538 CMakeFiles/BLDCF407.elf.dir/Core/Src/system_stm32f4xx.c.obj
 .debug_info    0x00009dc3       0x22 CMakeFiles/BLDCF407.elf.dir/Core/Startup/startup_stm32f407igtx.s.obj
 .debug_info    0x00009de5      0x9f0 CMakeFiles/BLDCF407.elf.dir/Drivers/STM32F4xx_HAL_Driver/Src/stm32f4xx_hal.c.obj
 .debug_info    0x0000a7d5     0x1098 CMakeFiles/BLDCF407.elf.dir/Drivers/STM32F4xx_HAL_Driver/Src/stm32f4xx_hal_cortex.c.obj
 .debug_info    0x0000b86d      0xb3f CMakeFiles/BLDCF407.elf.dir/Drivers/STM32F4xx_HAL_Driver/Src/stm32f4xx_hal_dma.c.obj
 .debug_info    0x0000c3ac      0x7b0 CMakeFiles/BLDCF407.elf.dir/Drivers/STM32F4xx_HAL_Driver/Src/stm32f4xx_hal_gpio.c.obj
 .debug_info    0x0000cb5c      0xb03 CMakeFiles/BLDCF407.elf.dir/Drivers/STM32F4xx_HAL_Driver/Src/stm32f4xx_hal_rcc.c.obj
 .debug_info    0x0000d65f     0x1f58 CMakeFiles/BLDCF407.elf.dir/Drivers/STM32F4xx_HAL_Driver/Src/stm32f4xx_hal_spi.c.obj
 .debug_info    0x0000f5b7     0x3d5a CMakeFiles/BLDCF407.elf.dir/Drivers/STM32F4xx_HAL_Driver/Src/stm32f4xx_hal_tim.c.obj
 .debug_info    0x00013311     0x1ade CMakeFiles/BLDCF407.elf.dir/Drivers/STM32F4xx_HAL_Driver/Src/stm32f4xx_hal_tim_ex.c.obj
 .debug_info    0x00014def     0x1937 CMakeFiles/BLDCF407.elf.dir/Drivers/STM32F4xx_HAL_Driver/Src/stm32f4xx_hal_uart.c.obj
 .debug_info    0x00016726      0x2e0 CMakeFiles/BLDCF407.elf.dir/Middlewares/Third_Party/FreeRTOS/Source/list.c.obj
 .debug_info    0x00016a06      0x37d CMakeFiles/BLDCF407.elf.dir/Middlewares/Third_Party/FreeRTOS/Source/portable/GCC/ARM_CM4F/port.c.obj
 .debug_info    0x00016d83      0x53c CMakeFiles/BLDCF407.elf.dir/Middlewares/Third_Party/FreeRTOS/Source/portable/MemMang/heap_4.c.obj
 .debug_info    0x000172bf     0x2647 CMakeFiles/BLDCF407.elf.dir/Middlewares/Third_Party/FreeRTOS/Source/tasks.c.obj

.debug_abbrev   0x00000000     0x3a33
 .debug_abbrev  0x00000000      0x19b CMakeFiles/BLDCF407.elf.dir/Core/Src/bsp_DRV8303.c.obj
 .debug_abbrev  0x0000019b      0x1d1 CMakeFiles/BLDCF407.elf.dir/Core/Src/bsp_basic_tim.c.obj
 .debug_abbrev  0x0000036c      0x187 CMakeFiles/BLDCF407.elf.dir/Core/Src/bsp_key.c.obj
 .debug_abbrev  0x000004f3      0x132 CMakeFiles/BLDCF407.elf.dir/Core/Src/bsp_led.c.obj
 .debug_abbrev  0x00000625      0x203 CMakeFiles/BLDCF407.elf.dir/Core/Src/bsp_motor_control.c.obj
 .debug_abbrev  0x00000828      0x31e CMakeFiles/BLDCF407.elf.dir/Core/Src/bsp_motor_tim.c.obj
 .debug_abbrev  0x00000b46      0x281 CMakeFiles/BLDCF407.elf.dir/Core/Src/bsp_spwm.c.obj
 .debug_abbrev  0x00000dc7      0x3c6 CMakeFiles/BLDCF407.elf.dir/Core/Src/bsp_usart.c.obj
 .debug_abbrev  0x0000118d      0x176 CMakeFiles/BLDCF407.elf.dir/Core/Src/freertos.c.obj
 .debug_abbrev  0x00001303      0x2c1 CMakeFiles/BLDCF407.elf.dir/Core/Src/main.c.obj
 .debug_abbrev  0x000015c4      0x228 CMakeFiles/BLDCF407.elf.dir/Core/Src/spi.c.obj
 .debug_abbrev  0x000017ec      0x13c CMakeFiles/BLDCF407.elf.dir/Core/Src/stm32f4xx_hal_msp.c.obj
 .debug_abbrev  0x00001928      0x1f1 CMakeFiles/BLDCF407.elf.dir/Core/Src/stm32f4xx_it.c.obj
 .debug_abbrev  0x00001b19      0x119 CMakeFiles/BLDCF407.elf.dir/Core/Src/system_stm32f4xx.c.obj
 .debug_abbrev  0x00001c32       0x12 CMakeFiles/BLDCF407.elf.dir/Core/Startup/startup_stm32f407igtx.s.obj
 .debug_abbrev  0x00001c44      0x206 CMakeFiles/BLDCF407.elf.dir/Drivers/STM32F4xx_HAL_Driver/Src/stm32f4xx_hal.c.obj
 .debug_abbrev  0x00001e4a      0x36a CMakeFiles/BLDCF407.elf.dir/Drivers/STM32F4xx_HAL_Driver/Src/stm32f4xx_hal_cortex.c.obj
 .debug_abbrev  0x000021b4      0x2c2 CMakeFiles/BLDCF407.elf.dir/Drivers/STM32F4xx_HAL_Driver/Src/stm32f4xx_hal_dma.c.obj
 .debug_abbrev  0x00002476      0x1ef CMakeFiles/BLDCF407.elf.dir/Drivers/STM32F4xx_HAL_Driver/Src/stm32f4xx_hal_gpio.c.obj
 .debug_abbrev  0x00002665      0x28a CMakeFiles/BLDCF407.elf.dir/Drivers/STM32F4xx_HAL_Driver/Src/stm32f4xx_hal_rcc.c.obj
 .debug_abbrev  0x000028ef      0x24e CMakeFiles/BLDCF407.elf.dir/Drivers/STM32F4xx_HAL_Driver/Src/stm32f4xx_hal_spi.c.obj
 .debug_abbrev  0x00002b3d      0x22b CMakeFiles/BLDCF407.elf.dir/Drivers/STM32F4xx_HAL_Driver/Src/stm32f4xx_hal_tim.c.obj
 .debug_abbrev  0x00002d68      0x241 CMakeFiles/BLDCF407.elf.dir/Drivers/STM32F4xx_HAL_Driver/Src/stm32f4xx_hal_tim_ex.c.obj
 .debug_abbrev  0x00002fa9      0x267 CMakeFiles/BLDCF407.elf.dir/Drivers/STM32F4xx_HAL_Driver/Src/stm32f4xx_hal_uart.c.obj
 .debug_abbrev  0x00003210      0x106 CMakeFiles/BLDCF407.elf.dir/Middlewares/Third_Party/FreeRTOS/Source/list.c.obj
 .debug_abbrev  0x00003316      0x20d CMakeFiles/BLDCF407.elf.dir/Middlewares/Third_Party/FreeRTOS/Source/portable/GCC/ARM_CM4F/port.c.obj
 .debug_abbrev  0x00003523      0x1fd CMakeFiles/BLDCF407.elf.dir/Middlewares/Third_Party/FreeRTOS/Source/portable/MemMang/heap_4.c.obj
 .debug_abbrev  0x00003720      0x313 CMakeFiles/BLDCF407.elf.dir/Middlewares/Third_Party/FreeRTOS/Source/tasks.c.obj

.debug_loc      0x00000000     0xf96f
 .debug_loc     0x00000000      0x103 CMakeFiles/BLDCF407.elf.dir/Core/Src/bsp_DRV8303.c.obj
 .debug_loc     0x00000103       0x47 CMakeFiles/BLDCF407.elf.dir/Core/Src/bsp_key.c.obj
 .debug_loc     0x0000014a       0x56 CMakeFiles/BLDCF407.elf.dir/Core/Src/bsp_motor_control.c.obj
 .debug_loc     0x000001a0      0x3af CMakeFiles/BLDCF407.elf.dir/Core/Src/bsp_motor_tim.c.obj
 .debug_loc     0x0000054f      0x1b8 CMakeFiles/BLDCF407.elf.dir/Core/Src/bsp_spwm.c.obj
 .debug_loc     0x00000707      0x724 CMakeFiles/BLDCF407.elf.dir/Core/Src/bsp_usart.c.obj
 .debug_loc     0x00000e2b       0x25 CMakeFiles/BLDCF407.elf.dir/Core/Src/freertos.c.obj
 .debug_loc     0x00000e50      0x15c CMakeFiles/BLDCF407.elf.dir/Core/Src/main.c.obj
 .debug_loc     0x00000fac      0x102 CMakeFiles/BLDCF407.elf.dir/Core/Src/spi.c.obj
 .debug_loc     0x000010ae      0x158 CMakeFiles/BLDCF407.elf.dir/Core/Src/system_stm32f4xx.c.obj
 .debug_loc     0x00001206      0x141 CMakeFiles/BLDCF407.elf.dir/Drivers/STM32F4xx_HAL_Driver/Src/stm32f4xx_hal.c.obj
 .debug_loc     0x00001347      0x744 CMakeFiles/BLDCF407.elf.dir/Drivers/STM32F4xx_HAL_Driver/Src/stm32f4xx_hal_cortex.c.obj
 .debug_loc     0x00001a8b      0xbf9 CMakeFiles/BLDCF407.elf.dir/Drivers/STM32F4xx_HAL_Driver/Src/stm32f4xx_hal_dma.c.obj
 .debug_loc     0x00002684      0x520 CMakeFiles/BLDCF407.elf.dir/Drivers/STM32F4xx_HAL_Driver/Src/stm32f4xx_hal_gpio.c.obj
 .debug_loc     0x00002ba4      0x58c CMakeFiles/BLDCF407.elf.dir/Drivers/STM32F4xx_HAL_Driver/Src/stm32f4xx_hal_rcc.c.obj
 .debug_loc     0x00003130     0x1e77 CMakeFiles/BLDCF407.elf.dir/Drivers/STM32F4xx_HAL_Driver/Src/stm32f4xx_hal_spi.c.obj
 .debug_loc     0x00004fa7     0x506c CMakeFiles/BLDCF407.elf.dir/Drivers/STM32F4xx_HAL_Driver/Src/stm32f4xx_hal_tim.c.obj
 .debug_loc     0x0000a013     0x1cd7 CMakeFiles/BLDCF407.elf.dir/Drivers/STM32F4xx_HAL_Driver/Src/stm32f4xx_hal_tim_ex.c.obj
 .debug_loc     0x0000bcea     0x187a CMakeFiles/BLDCF407.elf.dir/Drivers/STM32F4xx_HAL_Driver/Src/stm32f4xx_hal_uart.c.obj
 .debug_loc     0x0000d564       0xad CMakeFiles/BLDCF407.elf.dir/Middlewares/Third_Party/FreeRTOS/Source/list.c.obj
 .debug_loc     0x0000d611       0xce CMakeFiles/BLDCF407.elf.dir/Middlewares/Third_Party/FreeRTOS/Source/portable/GCC/ARM_CM4F/port.c.obj
 .debug_loc     0x0000d6df      0x433 CMakeFiles/BLDCF407.elf.dir/Middlewares/Third_Party/FreeRTOS/Source/portable/MemMang/heap_4.c.obj
 .debug_loc     0x0000db12     0x1e5d CMakeFiles/BLDCF407.elf.dir/Middlewares/Third_Party/FreeRTOS/Source/tasks.c.obj

.debug_aranges  0x00000000     0x12b8
 .debug_aranges
                0x00000000       0x40 CMakeFiles/BLDCF407.elf.dir/Core/Src/bsp_DRV8303.c.obj
 .debug_aranges
                0x00000040       0x30 CMakeFiles/BLDCF407.elf.dir/Core/Src/bsp_basic_tim.c.obj
 .debug_aranges
                0x00000070       0x28 CMakeFiles/BLDCF407.elf.dir/Core/Src/bsp_key.c.obj
 .debug_aranges
                0x00000098       0x20 CMakeFiles/BLDCF407.elf.dir/Core/Src/bsp_led.c.obj
 .debug_aranges
                0x000000b8       0x30 CMakeFiles/BLDCF407.elf.dir/Core/Src/bsp_motor_control.c.obj
 .debug_aranges
                0x000000e8       0x90 CMakeFiles/BLDCF407.elf.dir/Core/Src/bsp_motor_tim.c.obj
 .debug_aranges
                0x00000178       0x48 CMakeFiles/BLDCF407.elf.dir/Core/Src/bsp_spwm.c.obj
 .debug_aranges
                0x000001c0       0x70 CMakeFiles/BLDCF407.elf.dir/Core/Src/bsp_usart.c.obj
 .debug_aranges
                0x00000230       0x30 CMakeFiles/BLDCF407.elf.dir/Core/Src/freertos.c.obj
 .debug_aranges
                0x00000260       0x58 CMakeFiles/BLDCF407.elf.dir/Core/Src/main.c.obj
 .debug_aranges
                0x000002b8       0x50 CMakeFiles/BLDCF407.elf.dir/Core/Src/spi.c.obj
 .debug_aranges
                0x00000308       0x20 CMakeFiles/BLDCF407.elf.dir/Core/Src/stm32f4xx_hal_msp.c.obj
 .debug_aranges
                0x00000328       0x70 CMakeFiles/BLDCF407.elf.dir/Core/Src/stm32f4xx_it.c.obj
 .debug_aranges
                0x00000398       0x28 CMakeFiles/BLDCF407.elf.dir/Core/Src/system_stm32f4xx.c.obj
 .debug_aranges
                0x000003c0       0x28 CMakeFiles/BLDCF407.elf.dir/Core/Startup/startup_stm32f407igtx.s.obj
 .debug_aranges
                0x000003e8       0xf0 CMakeFiles/BLDCF407.elf.dir/Drivers/STM32F4xx_HAL_Driver/Src/stm32f4xx_hal.c.obj
 .debug_aranges
                0x000004d8       0xa8 CMakeFiles/BLDCF407.elf.dir/Drivers/STM32F4xx_HAL_Driver/Src/stm32f4xx_hal_cortex.c.obj
 .debug_aranges
                0x00000580       0x90 CMakeFiles/BLDCF407.elf.dir/Drivers/STM32F4xx_HAL_Driver/Src/stm32f4xx_hal_dma.c.obj
 .debug_aranges
                0x00000610       0x58 CMakeFiles/BLDCF407.elf.dir/Drivers/STM32F4xx_HAL_Driver/Src/stm32f4xx_hal_gpio.c.obj
 .debug_aranges
                0x00000668       0x88 CMakeFiles/BLDCF407.elf.dir/Drivers/STM32F4xx_HAL_Driver/Src/stm32f4xx_hal_rcc.c.obj
 .debug_aranges
                0x000006f0      0x1e8 CMakeFiles/BLDCF407.elf.dir/Drivers/STM32F4xx_HAL_Driver/Src/stm32f4xx_hal_spi.c.obj
 .debug_aranges
                0x000008d8      0x3d0 CMakeFiles/BLDCF407.elf.dir/Drivers/STM32F4xx_HAL_Driver/Src/stm32f4xx_hal_tim.c.obj
 .debug_aranges
                0x00000ca8      0x168 CMakeFiles/BLDCF407.elf.dir/Drivers/STM32F4xx_HAL_Driver/Src/stm32f4xx_hal_tim_ex.c.obj
 .debug_aranges
                0x00000e10      0x1d0 CMakeFiles/BLDCF407.elf.dir/Drivers/STM32F4xx_HAL_Driver/Src/stm32f4xx_hal_uart.c.obj
 .debug_aranges
                0x00000fe0       0x40 CMakeFiles/BLDCF407.elf.dir/Middlewares/Third_Party/FreeRTOS/Source/list.c.obj
 .debug_aranges
                0x00001020       0x78 CMakeFiles/BLDCF407.elf.dir/Middlewares/Third_Party/FreeRTOS/Source/portable/GCC/ARM_CM4F/port.c.obj
 .debug_aranges
                0x00001098       0x58 CMakeFiles/BLDCF407.elf.dir/Middlewares/Third_Party/FreeRTOS/Source/portable/MemMang/heap_4.c.obj
 .debug_aranges
                0x000010f0      0x1c8 CMakeFiles/BLDCF407.elf.dir/Middlewares/Third_Party/FreeRTOS/Source/tasks.c.obj

.debug_ranges   0x00000000     0x1328
 .debug_ranges  0x00000000       0x30 CMakeFiles/BLDCF407.elf.dir/Core/Src/bsp_DRV8303.c.obj
 .debug_ranges  0x00000030       0x20 CMakeFiles/BLDCF407.elf.dir/Core/Src/bsp_basic_tim.c.obj
 .debug_ranges  0x00000050       0x18 CMakeFiles/BLDCF407.elf.dir/Core/Src/bsp_key.c.obj
 .debug_ranges  0x00000068       0x10 CMakeFiles/BLDCF407.elf.dir/Core/Src/bsp_led.c.obj
 .debug_ranges  0x00000078       0x20 CMakeFiles/BLDCF407.elf.dir/Core/Src/bsp_motor_control.c.obj
 .debug_ranges  0x00000098       0xb0 CMakeFiles/BLDCF407.elf.dir/Core/Src/bsp_motor_tim.c.obj
 .debug_ranges  0x00000148       0x38 CMakeFiles/BLDCF407.elf.dir/Core/Src/bsp_spwm.c.obj
 .debug_ranges  0x00000180      0x110 CMakeFiles/BLDCF407.elf.dir/Core/Src/bsp_usart.c.obj
 .debug_ranges  0x00000290       0x20 CMakeFiles/BLDCF407.elf.dir/Core/Src/freertos.c.obj
 .debug_ranges  0x000002b0       0x48 CMakeFiles/BLDCF407.elf.dir/Core/Src/main.c.obj
 .debug_ranges  0x000002f8       0x40 CMakeFiles/BLDCF407.elf.dir/Core/Src/spi.c.obj
 .debug_ranges  0x00000338       0x10 CMakeFiles/BLDCF407.elf.dir/Core/Src/stm32f4xx_hal_msp.c.obj
 .debug_ranges  0x00000348       0x60 CMakeFiles/BLDCF407.elf.dir/Core/Src/stm32f4xx_it.c.obj
 .debug_ranges  0x000003a8       0x18 CMakeFiles/BLDCF407.elf.dir/Core/Src/system_stm32f4xx.c.obj
 .debug_ranges  0x000003c0       0x20 CMakeFiles/BLDCF407.elf.dir/Core/Startup/startup_stm32f407igtx.s.obj
 .debug_ranges  0x000003e0       0xe0 CMakeFiles/BLDCF407.elf.dir/Drivers/STM32F4xx_HAL_Driver/Src/stm32f4xx_hal.c.obj
 .debug_ranges  0x000004c0       0xf8 CMakeFiles/BLDCF407.elf.dir/Drivers/STM32F4xx_HAL_Driver/Src/stm32f4xx_hal_cortex.c.obj
 .debug_ranges  0x000005b8       0x80 CMakeFiles/BLDCF407.elf.dir/Drivers/STM32F4xx_HAL_Driver/Src/stm32f4xx_hal_dma.c.obj
 .debug_ranges  0x00000638       0x48 CMakeFiles/BLDCF407.elf.dir/Drivers/STM32F4xx_HAL_Driver/Src/stm32f4xx_hal_gpio.c.obj
 .debug_ranges  0x00000680       0x90 CMakeFiles/BLDCF407.elf.dir/Drivers/STM32F4xx_HAL_Driver/Src/stm32f4xx_hal_rcc.c.obj
 .debug_ranges  0x00000710      0x1d8 CMakeFiles/BLDCF407.elf.dir/Drivers/STM32F4xx_HAL_Driver/Src/stm32f4xx_hal_spi.c.obj
 .debug_ranges  0x000008e8      0x3c0 CMakeFiles/BLDCF407.elf.dir/Drivers/STM32F4xx_HAL_Driver/Src/stm32f4xx_hal_tim.c.obj
 .debug_ranges  0x00000ca8      0x158 CMakeFiles/BLDCF407.elf.dir/Drivers/STM32F4xx_HAL_Driver/Src/stm32f4xx_hal_tim_ex.c.obj
 .debug_ranges  0x00000e00      0x1c0 CMakeFiles/BLDCF407.elf.dir/Drivers/STM32F4xx_HAL_Driver/Src/stm32f4xx_hal_uart.c.obj
 .debug_ranges  0x00000fc0       0x30 CMakeFiles/BLDCF407.elf.dir/Middlewares/Third_Party/FreeRTOS/Source/list.c.obj
 .debug_ranges  0x00000ff0       0x68 CMakeFiles/BLDCF407.elf.dir/Middlewares/Third_Party/FreeRTOS/Source/portable/GCC/ARM_CM4F/port.c.obj
 .debug_ranges  0x00001058       0x48 CMakeFiles/BLDCF407.elf.dir/Middlewares/Third_Party/FreeRTOS/Source/portable/MemMang/heap_4.c.obj
 .debug_ranges  0x000010a0      0x288 CMakeFiles/BLDCF407.elf.dir/Middlewares/Third_Party/FreeRTOS/Source/tasks.c.obj

.debug_line     0x00000000    0x14cb8
 .debug_line    0x00000000      0x3b4 CMakeFiles/BLDCF407.elf.dir/Core/Src/bsp_DRV8303.c.obj
 .debug_line    0x000003b4      0x2ef CMakeFiles/BLDCF407.elf.dir/Core/Src/bsp_basic_tim.c.obj
 .debug_line    0x000006a3      0x33f CMakeFiles/BLDCF407.elf.dir/Core/Src/bsp_key.c.obj
 .debug_line    0x000009e2      0x250 CMakeFiles/BLDCF407.elf.dir/Core/Src/bsp_led.c.obj
 .debug_line    0x00000c32      0x377 CMakeFiles/BLDCF407.elf.dir/Core/Src/bsp_motor_control.c.obj
 .debug_line    0x00000fa9      0xa73 CMakeFiles/BLDCF407.elf.dir/Core/Src/bsp_motor_tim.c.obj
 .debug_line    0x00001a1c      0x4bb CMakeFiles/BLDCF407.elf.dir/Core/Src/bsp_spwm.c.obj
 .debug_line    0x00001ed7      0xb7a CMakeFiles/BLDCF407.elf.dir/Core/Src/bsp_usart.c.obj
 .debug_line    0x00002a51      0x32a CMakeFiles/BLDCF407.elf.dir/Core/Src/freertos.c.obj
 .debug_line    0x00002d7b      0x783 CMakeFiles/BLDCF407.elf.dir/Core/Src/main.c.obj
 .debug_line    0x000034fe      0x5d5 CMakeFiles/BLDCF407.elf.dir/Core/Src/spi.c.obj
 .debug_line    0x00003ad3      0x2ba CMakeFiles/BLDCF407.elf.dir/Core/Src/stm32f4xx_hal_msp.c.obj
 .debug_line    0x00003d8d      0x552 CMakeFiles/BLDCF407.elf.dir/Core/Src/stm32f4xx_it.c.obj
 .debug_line    0x000042df      0x2c6 CMakeFiles/BLDCF407.elf.dir/Core/Src/system_stm32f4xx.c.obj
 .debug_line    0x000045a5       0xb5 CMakeFiles/BLDCF407.elf.dir/Core/Startup/startup_stm32f407igtx.s.obj
 .debug_line    0x0000465a      0x60b CMakeFiles/BLDCF407.elf.dir/Drivers/STM32F4xx_HAL_Driver/Src/stm32f4xx_hal.c.obj
 .debug_line    0x00004c65      0x81e CMakeFiles/BLDCF407.elf.dir/Drivers/STM32F4xx_HAL_Driver/Src/stm32f4xx_hal_cortex.c.obj
 .debug_line    0x00005483      0xe9b CMakeFiles/BLDCF407.elf.dir/Drivers/STM32F4xx_HAL_Driver/Src/stm32f4xx_hal_dma.c.obj
 .debug_line    0x0000631e      0x757 CMakeFiles/BLDCF407.elf.dir/Drivers/STM32F4xx_HAL_Driver/Src/stm32f4xx_hal_gpio.c.obj
 .debug_line    0x00006a75      0xb86 CMakeFiles/BLDCF407.elf.dir/Drivers/STM32F4xx_HAL_Driver/Src/stm32f4xx_hal_rcc.c.obj
 .debug_line    0x000075fb     0x25b3 CMakeFiles/BLDCF407.elf.dir/Drivers/STM32F4xx_HAL_Driver/Src/stm32f4xx_hal_spi.c.obj
 .debug_line    0x00009bae     0x4b18 CMakeFiles/BLDCF407.elf.dir/Drivers/STM32F4xx_HAL_Driver/Src/stm32f4xx_hal_tim.c.obj
 .debug_line    0x0000e6c6     0x1d3c CMakeFiles/BLDCF407.elf.dir/Drivers/STM32F4xx_HAL_Driver/Src/stm32f4xx_hal_tim_ex.c.obj
 .debug_line    0x00010402     0x1c62 CMakeFiles/BLDCF407.elf.dir/Drivers/STM32F4xx_HAL_Driver/Src/stm32f4xx_hal_uart.c.obj
 .debug_line    0x00012064      0x3cf CMakeFiles/BLDCF407.elf.dir/Middlewares/Third_Party/FreeRTOS/Source/list.c.obj
 .debug_line    0x00012433      0x4a4 CMakeFiles/BLDCF407.elf.dir/Middlewares/Third_Party/FreeRTOS/Source/portable/GCC/ARM_CM4F/port.c.obj
 .debug_line    0x000128d7      0x6f4 CMakeFiles/BLDCF407.elf.dir/Middlewares/Third_Party/FreeRTOS/Source/portable/MemMang/heap_4.c.obj
 .debug_line    0x00012fcb     0x1ced CMakeFiles/BLDCF407.elf.dir/Middlewares/Third_Party/FreeRTOS/Source/tasks.c.obj

.debug_str      0x00000000     0x6256
 .debug_str     0x00000000      0x4cc CMakeFiles/BLDCF407.elf.dir/Core/Src/bsp_DRV8303.c.obj
                                0x529 (size before relaxing)
 .debug_str     0x000004cc      0xa99 CMakeFiles/BLDCF407.elf.dir/Core/Src/bsp_basic_tim.c.obj
                                0xdc7 (size before relaxing)
 .debug_str     0x00000f65       0x99 CMakeFiles/BLDCF407.elf.dir/Core/Src/bsp_key.c.obj
                                0x459 (size before relaxing)
 .debug_str     0x00000ffe       0x53 CMakeFiles/BLDCF407.elf.dir/Core/Src/bsp_led.c.obj
                                0x3a5 (size before relaxing)
 .debug_str     0x00001051      0x132 CMakeFiles/BLDCF407.elf.dir/Core/Src/bsp_motor_control.c.obj
                                0x8b6 (size before relaxing)
 .debug_str     0x00001183      0x549 CMakeFiles/BLDCF407.elf.dir/Core/Src/bsp_motor_tim.c.obj
                               0x1486 (size before relaxing)
 .debug_str     0x000016cc       0xe7 CMakeFiles/BLDCF407.elf.dir/Core/Src/bsp_spwm.c.obj
                                0x962 (size before relaxing)
 .debug_str     0x000017b3      0x410 CMakeFiles/BLDCF407.elf.dir/Core/Src/bsp_usart.c.obj
                               0x1030 (size before relaxing)
 .debug_str     0x00001bc3      0x2f4 CMakeFiles/BLDCF407.elf.dir/Core/Src/freertos.c.obj
                                0x56b (size before relaxing)
 .debug_str     0x00001eb7      0x33f CMakeFiles/BLDCF407.elf.dir/Core/Src/main.c.obj
                               0x12b5 (size before relaxing)
 .debug_str     0x000021f6      0x25a CMakeFiles/BLDCF407.elf.dir/Core/Src/spi.c.obj